Archive member included to satisfy reference by file (symbol)

C:/ProgramData/MATLAB/SupportPackages/R2023b/3P.instrset/mbedlibrary-stm.instrset/0f02307a0877/TARGET_KL25Z/TOOLCHAIN_GCC_ARM/libmbed.a(AnalogIn.o)
                              MW_Camera.o (mbed::AnalogIn::_mutex)
C:/ProgramData/MATLAB/SupportPackages/R2023b/3P.instrset/mbedlibrary-stm.instrset/0f02307a0877/TARGET_KL25Z/TOOLCHAIN_GCC_ARM/libmbed.a(FilePath.o)
                              C:/PROGRA~3/MATLAB/SUPPOR~1/R2023b/3P778C~1.INS/MBEDLI~1.INS/0F0230~1/TARGET_KL25Z/TOOLCHAIN_GCC_ARM/mbed_retarget.o (mbed::FilePath::FilePath(char const*))
C:/ProgramData/MATLAB/SupportPackages/R2023b/3P.instrset/mbedlibrary-stm.instrset/0f02307a0877/TARGET_KL25Z/TOOLCHAIN_GCC_ARM/libmbed.a(FileBase.o)
                              C:/ProgramData/MATLAB/SupportPackages/R2023b/3P.instrset/mbedlibrary-stm.instrset/0f02307a0877/TARGET_KL25Z/TOOLCHAIN_GCC_ARM/libmbed.a(FilePath.o) (mbed::FileBase::getPathType())
C:/ProgramData/MATLAB/SupportPackages/R2023b/3P.instrset/mbedlibrary-stm.instrset/0f02307a0877/TARGET_KL25Z/TOOLCHAIN_GCC_ARM/libmbed.a(mbed_gpio.o)
                              C:/PROGRA~3/MATLAB/SUPPOR~1/R2023b/3P778C~1.INS/MBEDLI~1.INS/0F0230~1/TARGET_KL25Z/TOOLCHAIN_GCC_ARM/mbed_overrides.o (gpio_init_in)
C:/ProgramData/MATLAB/SupportPackages/R2023b/3P.instrset/mbedlibrary-stm.instrset/0f02307a0877/TARGET_KL25Z/TOOLCHAIN_GCC_ARM/libmbed.a(mbed_us_ticker_api.o)
                              C:/PROGRA~3/MATLAB/SUPPOR~1/R2023b/3P778C~1.INS/MBEDLI~1.INS/0F0230~1/TARGET_KL25Z/TOOLCHAIN_GCC_ARM/us_ticker.o (us_ticker_irq_handler)
C:/ProgramData/MATLAB/SupportPackages/R2023b/3P.instrset/mbedlibrary-stm.instrset/0f02307a0877/TARGET_KL25Z/TOOLCHAIN_GCC_ARM/libmbed.a(mbed_ticker_api.o)
                              C:/ProgramData/MATLAB/SupportPackages/R2023b/3P.instrset/mbedlibrary-stm.instrset/0f02307a0877/TARGET_KL25Z/TOOLCHAIN_GCC_ARM/libmbed.a(mbed_us_ticker_api.o) (ticker_irq_handler)
C:/ProgramData/MATLAB/SupportPackages/R2023b/3P.instrset/mbedlibrary-stm.instrset/0f02307a0877/TARGET_KL25Z/TOOLCHAIN_GCC_ARM/libmbed.a(mbed_assert.o)
                              C:/PROGRA~3/MATLAB/SUPPOR~1/R2023b/3P778C~1.INS/MBEDLI~1.INS/0F0230~1/TARGET_KL25Z/TOOLCHAIN_GCC_ARM/mbed_retarget.o (mbed_assert_internal)
C:/ProgramData/MATLAB/SupportPackages/R2023b/3P.instrset/mbedlibrary-stm.instrset/0f02307a0877/TARGET_KL25Z/TOOLCHAIN_GCC_ARM/libmbed.a(Serial.o)
                              BufferedSerial.o (mbed::Serial::unlock())
C:/ProgramData/MATLAB/SupportPackages/R2023b/3P.instrset/mbedlibrary-stm.instrset/0f02307a0877/TARGET_KL25Z/TOOLCHAIN_GCC_ARM/libmbed.a(Stream.o)
                              BufferedSerial.o (mbed::Stream::write(void const*, unsigned int))
C:/ProgramData/MATLAB/SupportPackages/R2023b/3P.instrset/mbedlibrary-stm.instrset/0f02307a0877/TARGET_KL25Z/TOOLCHAIN_GCC_ARM/libmbed.a(mbed_pinmap_common.o)
                              C:/PROGRA~3/MATLAB/SUPPOR~1/R2023b/3P778C~1.INS/MBEDLI~1.INS/0F0230~1/TARGET_KL25Z/TOOLCHAIN_GCC_ARM/analogin_api.o (pinmap_pinout)
C:/ProgramData/MATLAB/SupportPackages/R2023b/3P.instrset/mbedlibrary-stm.instrset/0f02307a0877/TARGET_KL25Z/TOOLCHAIN_GCC_ARM/libmbed.a(mbed_error.o)
                              C:/PROGRA~3/MATLAB/SUPPOR~1/R2023b/3P778C~1.INS/MBEDLI~1.INS/0F0230~1/TARGET_KL25Z/TOOLCHAIN_GCC_ARM/mbed_retarget.o (error)
C:/ProgramData/MATLAB/SupportPackages/R2023b/3P.instrset/mbedlibrary-stm.instrset/0f02307a0877/TARGET_KL25Z/TOOLCHAIN_GCC_ARM/libmbed.a(mbed_critical.o)
                              C:/PROGRA~3/MATLAB/SUPPOR~1/R2023b/3P778C~1.INS/MBEDLI~1.INS/0F0230~1/TARGET_KL25Z/TOOLCHAIN_GCC_ARM/mbed_board.o (core_util_critical_section_enter)
C:/ProgramData/MATLAB/SupportPackages/R2023b/3P.instrset/mbedlibrary-stm.instrset/0f02307a0877/TARGET_KL25Z/TOOLCHAIN_GCC_ARM/libmbed.a(mbed_wait_api_no_rtos.o)
                              C:/PROGRA~3/MATLAB/SUPPOR~1/R2023b/3P778C~1.INS/MBEDLI~1.INS/0F0230~1/TARGET_KL25Z/TOOLCHAIN_GCC_ARM/mbed_board.o (wait_ms)
C:/ProgramData/MATLAB/SupportPackages/R2023b/3P.instrset/mbedlibrary-stm.instrset/0f02307a0877/TARGET_KL25Z/TOOLCHAIN_GCC_ARM/libmbed.a(mbed_interface.o)
                              C:/PROGRA~3/MATLAB/SUPPOR~1/R2023b/3P778C~1.INS/MBEDLI~1.INS/0F0230~1/TARGET_KL25Z/TOOLCHAIN_GCC_ARM/mbed_retarget.o (mbed_interface_connected)
C:/ProgramData/MATLAB/SupportPackages/R2023b/3P.instrset/mbedlibrary-stm.instrset/0f02307a0877/TARGET_KL25Z/TOOLCHAIN_GCC_ARM/libmbed.a(SerialBase.o)
                              serial_wrapper.o (mbed::SerialBase::baud(int))
C:/ProgramData/MATLAB/SupportPackages/R2023b/3P.instrset/mbedlibrary-stm.instrset/0f02307a0877/TARGET_KL25Z/TOOLCHAIN_GCC_ARM/libmbed.a(mbed_semihost_api.o)
                              C:/PROGRA~3/MATLAB/SUPPOR~1/R2023b/3P778C~1.INS/MBEDLI~1.INS/0F0230~1/TARGET_KL25Z/TOOLCHAIN_GCC_ARM/mbed_retarget.o (semihost_exit)
[...]
Memory Configuration

Name             Origin             Length             Attributes
VECTORS          0x00000000         0x00000400         xr
FLASH_PROTECTION 0x00000400         0x00000010         xr
FLASH            0x00000410         0x0001fbf0         xr
RAM              0x1ffff0c0         0x00003f40         xrw
*default*        0x00000000         0xffffffff

Linker script and memory map

LOAD c:/programdata/matlab/supportpackages/r2023b/3p.instrset/gnuarm-armcortex.instrset/win/bin/../lib/gcc/arm-none-eabi/11.3.1/thumb/v6-m/nofp/crti.o
LOAD c:/programdata/matlab/supportpackages/r2023b/3p.instrset/gnuarm-armcortex.instrset/win/bin/../lib/gcc/arm-none-eabi/11.3.1/thumb/v6-m/nofp/crtbegin.o
LOAD c:/programdata/matlab/supportpackages/r2023b/3p.instrset/gnuarm-armcortex.instrset/win/bin/../lib/gcc/arm-none-eabi/11.3.1/thumb/v6-m/nofp/crt0.o
LOAD C:/PROGRA~3/MATLAB/SUPPOR~1/R2023b/3P778C~1.INS/MBEDLI~1.INS/0F0230~1/TARGET_KL25Z/TOOLCHAIN_GCC_ARM/cmsis_nvic.o
LOAD C:/PROGRA~3/MATLAB/SUPPOR~1/R2023b/3P778C~1.INS/MBEDLI~1.INS/0F0230~1/TARGET_KL25Z/TOOLCHAIN_GCC_ARM/startup_MKL25Z4.o
LOAD C:/PROGRA~3/MATLAB/SUPPOR~1/R2023b/3P778C~1.INS/MBEDLI~1.INS/0F0230~1/TARGET_KL25Z/TOOLCHAIN_GCC_ARM/mbed_retarget.o
LOAD C:/PROGRA~3/MATLAB/SUPPOR~1/R2023b/3P778C~1.INS/MBEDLI~1.INS/0F0230~1/TARGET_KL25Z/TOOLCHAIN_GCC_ARM/system_MKL25Z4.o
LOAD C:/PROGRA~3/MATLAB/SUPPOR~1/R2023b/3P778C~1.INS/MBEDLI~1.INS/0F0230~1/TARGET_KL25Z/TOOLCHAIN_GCC_ARM/analogin_api.o
LOAD C:/PROGRA~3/MATLAB/SUPPOR~1/R2023b/3P778C~1.INS/MBEDLI~1.INS/0F0230~1/TARGET_KL25Z/TOOLCHAIN_GCC_ARM/analogout_api.o
LOAD C:/PROGRA~3/MATLAB/SUPPOR~1/R2023b/3P778C~1.INS/MBEDLI~1.INS/0F0230~1/TARGET_KL25Z/TOOLCHAIN_GCC_ARM/gpio_irq_api.o
LOAD C:/PROGRA~3/MATLAB/SUPPOR~1/R2023b/3P778C~1.INS/MBEDLI~1.INS/0F0230~1/TARGET_KL25Z/TOOLCHAIN_GCC_ARM/gpio_api.o
LOAD C:/PROGRA~3/MATLAB/SUPPOR~1/R2023b/3P778C~1.INS/MBEDLI~1.INS/0F0230~1/TARGET_KL25Z/TOOLCHAIN_GCC_ARM/i2c_api.o
LOAD C:/PROGRA~3/MATLAB/SUPPOR~1/R2023b/3P778C~1.INS/MBEDLI~1.INS/0F0230~1/TARGET_KL25Z/TOOLCHAIN_GCC_ARM/mbed_board.o
LOAD C:/PROGRA~3/MATLAB/SUPPOR~1/R2023b/3P778C~1.INS/MBEDLI~1.INS/0F0230~1/TARGET_KL25Z/TOOLCHAIN_GCC_ARM/mbed_overrides.o
LOAD C:/PROGRA~3/MATLAB/SUPPOR~1/R2023b/3P778C~1.INS/MBEDLI~1.INS/0F0230~1/TARGET_KL25Z/TOOLCHAIN_GCC_ARM/PeripheralPins.o
LOAD C:/PROGRA~3/MATLAB/SUPPOR~1/R2023b/3P778C~1.INS/MBEDLI~1.INS/0F0230~1/TARGET_KL25Z/TOOLCHAIN_GCC_ARM/pinmap.o
LOAD C:/PROGRA~3/MATLAB/SUPPOR~1/R2023b/3P778C~1.INS/MBEDLI~1.INS/0F0230~1/TARGET_KL25Z/TOOLCHAIN_GCC_ARM/port_api.o
LOAD C:/PROGRA~3/MATLAB/SUPPOR~1/R2023b/3P778C~1.INS/MBEDLI~1.INS/0F0230~1/TARGET_KL25Z/TOOLCHAIN_GCC_ARM/pwmout_api.o
LOAD C:/PROGRA~3/MATLAB/SUPPOR~1/R2023b/3P778C~1.INS/MBEDLI~1.INS/0F0230~1/TARGET_KL25Z/TOOLCHAIN_GCC_ARM/rtc_api.o
LOAD C:/PROGRA~3/MATLAB/SUPPOR~1/R2023b/3P778C~1.INS/MBEDLI~1.INS/0F0230~1/TARGET_KL25Z/TOOLCHAIN_GCC_ARM/serial_api.o
LOAD C:/PROGRA~3/MATLAB/SUPPOR~1/R2023b/3P778C~1.INS/MBEDLI~1.INS/0F0230~1/TARGET_KL25Z/TOOLCHAIN_GCC_ARM/sleep.o
LOAD C:/PROGRA~3/MATLAB/SUPPOR~1/R2023b/3P778C~1.INS/MBEDLI~1.INS/0F0230~1/TARGET_KL25Z/TOOLCHAIN_GCC_ARM/spi_api.o
LOAD C:/PROGRA~3/MATLAB/SUPPOR~1/R2023b/3P778C~1.INS/MBEDLI~1.INS/0F0230~1/TARGET_KL25Z/TOOLCHAIN_GCC_ARM/us_ticker.o
LOAD MW_DC_Motor.o
LOAD dcMotor_wrapper.o
LOAD MW_Dip_Switch.o
LOAD dipSwitch_wrapper.o
LOAD MW_Camera.o
LOAD camera_wrapper.o
LOAD pot_wrapper.o
LOAD MW_Servo.o
LOAD servo_wrapper.o
LOAD digitalPin_wrapper.o
LOAD serial_wrapper.o
LOAD diaforiko_epitaxinsh_PID_test.o
LOAD diaforiko_epitaxinsh_PID_test_data.o
LOAD ert_main.o
LOAD BoardInit.o
LOAD BufferedSerial.o
LOAD SysTickScheduler.o
LOAD m0m1m0plus_multitasking.o
LOAD C:/ProgramData/MATLAB/SupportPackages/R2023b/3P.instrset/mbedlibrary-stm.instrset/0f02307a0877/TARGET_KL25Z/TOOLCHAIN_GCC_ARM/libmbed.a
LOAD C:/ProgramData/MATLAB/SupportPackages/R2023b/3P.instrset/cmsis_dsp.instrset/Lib/GCC/arm_cortexm0l_math/libCMSISDSP.a
LOAD c:/programdata/matlab/supportpackages/r2023b/3p.instrset/gnuarm-armcortex.instrset/win/bin/../lib/gcc/arm-none-eabi/11.3.1/thumb/v6-m/nofp\libstdc++_nano.a
LOAD c:/programdata/matlab/supportpackages/r2023b/3p.instrset/gnuarm-armcortex.instrset/win/bin/../lib/gcc/arm-none-eabi/11.3.1/thumb/v6-m/nofp\libm.a
START GROUP
LOAD c:/programdata/matlab/supportpackages/r2023b/3p.instrset/gnuarm-armcortex.instrset/win/bin/../lib/gcc/arm-none-eabi/11.3.1/thumb/v6-m/nofp\libgcc.a
LOAD c:/programdata/matlab/supportpackages/r2023b/3p.instrset/gnuarm-armcortex.instrset/win/bin/../lib/gcc/arm-none-eabi/11.3.1/thumb/v6-m/nofp\libc_nano.a
END GROUP
START GROUP
LOAD c:/programdata/matlab/supportpackages/r2023b/3p.instrset/gnuarm-armcortex.instrset/win/bin/../lib/gcc/arm-none-eabi/11.3.1/thumb/v6-m/nofp\libgcc.a
LOAD c:/programdata/matlab/supportpackages/r2023b/3p.instrset/gnuarm-armcortex.instrset/win/bin/../lib/gcc/arm-none-eabi/11.3.1/thumb/v6-m/nofp\libc_nano.a
LOAD c:/programdata/matlab/supportpackages/r2023b/3p.instrset/gnuarm-armcortex.instrset/win/bin/../lib/gcc/arm-none-eabi/11.3.1/thumb/v6-m/nofp\libnosys.a
END GROUP
START GROUP
LOAD c:/programdata/matlab/supportpackages/r2023b/3p.instrset/gnuarm-armcortex.instrset/win/bin/../lib/gcc/arm-none-eabi/11.3.1/thumb/v6-m/nofp\libgcc.a
LOAD c:/programdata/matlab/supportpackages/r2023b/3p.instrset/gnuarm-armcortex.instrset/win/bin/../lib/gcc/arm-none-eabi/11.3.1/thumb/v6-m/nofp\libc_nano.a
LOAD c:/programdata/matlab/supportpackages/r2023b/3p.instrset/gnuarm-armcortex.instrset/win/bin/../lib/gcc/arm-none-eabi/11.3.1/thumb/v6-m/nofp\libnosys.a
END GROUP
LOAD c:/programdata/matlab/supportpackages/r2023b/3p.instrset/gnuarm-armcortex.instrset/win/bin/../lib/gcc/arm-none-eabi/11.3.1/thumb/v6-m/nofp/crtend.o
LOAD c:/programdata/matlab/supportpackages/r2023b/3p.instrset/gnuarm-armcortex.instrset/win/bin/../lib/gcc/arm-none-eabi/11.3.1/thumb/v6-m/nofp/crtn.o

.isr_vector     0x00000000       0xf4
                0x00000000                __vector_table = .
 *(.vector_table)
 .vector_table  0x00000000       0xc0 C:/PROGRA~3/MATLAB/SUPPOR~1/R2023b/3P778C~1.INS/MBEDLI~1.INS/0F0230~1/TARGET_KL25Z/TOOLCHAIN_GCC_ARM/startup_MKL25Z4.o
                0x00000000                __isr_vector
 *(.text.Reset_Handler)
 .text.Reset_Handler
                0x000000c0       0x34 C:/PROGRA~3/MATLAB/SUPPOR~1/R2023b/3P778C~1.INS/MBEDLI~1.INS/0F0230~1/TARGET_KL25Z/TOOLCHAIN_GCC_ARM/startup_MKL25Z4.o
                0x000000c0                Reset_Handler
 *(.text.System_Init)
                0x000000f4                . = ALIGN (0x4)

.flash_protect  0x00000400       0x10
 *(.kinetis_flash_config_field)
 .kinetis_flash_config_field
                0x00000400       0x10 C:/PROGRA~3/MATLAB/SUPPOR~1/R2023b/3P778C~1.INS/MBEDLI~1.INS/0F0230~1/TARGET_KL25Z/TOOLCHAIN_GCC_ARM/startup_MKL25Z4.o
                0x00000410                . = ALIGN (0x4)

.text           0x00000410     0xa96c
 *(.text*)
 .text.deregister_tm_clones
                0x00000410       0x20 c:/programdata/matlab/supportpackages/r2023b/3p.instrset/gnuarm-armcortex.instrset/win/bin/../lib/gcc/arm-none-eabi/11.3.1/thumb/v6-m/nofp/crtbegin.o
 .text.register_tm_clones
                0x00000430       0x28 c:/programdata/matlab/supportpackages/r2023b/3p.instrset/gnuarm-armcortex.instrset/win/bin/../lib/gcc/arm-none-eabi/11.3.1/thumb/v6-m/nofp/crtbegin.o
 .text.__do_global_dtors_aux
                0x00000458       0x2c c:/programdata/matlab/supportpackages/r2023b/3p.instrset/gnuarm-armcortex.instrset/win/bin/../lib/gcc/arm-none-eabi/11.3.1/thumb/v6-m/nofp/crtbegin.o
 .text.frame_dummy
                0x00000484       0x24 c:/programdata/matlab/supportpackages/r2023b/3p.instrset/gnuarm-armcortex.instrset/win/bin/../lib/gcc/arm-none-eabi/11.3.1/thumb/v6-m/nofp/crtbegin.o
 .text          0x000004a8       0x80 c:/programdata/matlab/supportpackages/r2023b/3p.instrset/gnuarm-armcortex.instrset/win/bin/../lib/gcc/arm-none-eabi/11.3.1/thumb/v6-m/nofp/crt0.o
                0x000004a8                _stack_init
                0x000004b4                _start
                0x000004b4                _mainCRTStartup
 .text.NVIC_SetVector
                0x00000528       0x34 C:/PROGRA~3/MATLAB/SUPPOR~1/R2023b/3P778C~1.INS/MBEDLI~1.INS/0F0230~1/TARGET_KL25Z/TOOLCHAIN_GCC_ARM/cmsis_nvic.o
                0x00000528                NVIC_SetVector
 .text          0x0000055c        0xc C:/PROGRA~3/MATLAB/SUPPOR~1/R2023b/3P778C~1.INS/MBEDLI~1.INS/0F0230~1/TARGET_KL25Z/TOOLCHAIN_GCC_ARM/startup_MKL25Z4.o
                0x0000055e                HardFault_Handler
                0x00000562                PendSV_Handler
                0x00000566                I2C0_IRQHandler
                0x00000566                I2C1_IRQHandler
                0x00000566                UART1_IRQHandler
                0x00000566                DMA2_IRQHandler
                0x00000566                TPM0_IRQHandler
                0x00000566                TSI0_IRQHandler
                0x00000566                UART0_IRQHandler
                0x00000566                ADC0_IRQHandler
                0x00000566                SPI1_IRQHandler
                0x00000566                PORTD_IRQHandler
                0x00000566                TPM2_IRQHandler
                0x00000566                LPTimer_IRQHandler
                0x00000566                RTC_IRQHandler
                0x00000566                RTC_Seconds_IRQHandler
                0x00000566                MCG_IRQHandler
                0x00000566                UART2_IRQHandler
                0x00000566                Default_Handler
                0x00000566                USB0_IRQHandler
                0x00000566                LLW_IRQHandler
                0x00000566                PIT_IRQHandler
                0x00000566                DMA3_IRQHandler
                0x00000566                DMA0_IRQHandler
                0x00000566                DAC0_IRQHandler
                0x00000566                DEF_IRQHandler
                0x00000566                TPM1_IRQHandler
                0x00000566                LVD_LVW_IRQHandler
                0x00000566                SPI0_IRQHandler
                0x00000566                PORTA_IRQHandler
                0x00000566                FTFA_IRQHandler
                0x00000566                CMP0_IRQHandler
                0x00000566                DMA1_IRQHandler
 .text._ZL11init_serialv
                0x00000568       0x2c C:/PROGRA~3/MATLAB/SUPPOR~1/R2023b/3P778C~1.INS/MBEDLI~1.INS/0F0230~1/TARGET_KL25Z/TOOLCHAIN_GCC_ARM/mbed_retarget.o
 .text.mbed_sdk_init
                0x00000594        0x2 C:/PROGRA~3/MATLAB/SUPPOR~1/R2023b/3P778C~1.INS/MBEDLI~1.INS/0F0230~1/TARGET_KL25Z/TOOLCHAIN_GCC_ARM/mbed_retarget.o
                0x00000594                mbed_sdk_init
 *fill*         0x00000596        0x2 
 .text._close   0x00000598       0x40 C:/PROGRA~3/MATLAB/SUPPOR~1/R2023b/3P778C~1.INS/MBEDLI~1.INS/0F0230~1/TARGET_KL25Z/TOOLCHAIN_GCC_ARM/mbed_retarget.o
                0x00000598                _close
 .text._write   0x000005d8       0x6c C:/PROGRA~3/MATLAB/SUPPOR~1/R2023b/3P778C~1.INS/MBEDLI~1.INS/0F0230~1/TARGET_KL25Z/TOOLCHAIN_GCC_ARM/mbed_retarget.o
                0x000005d8                _write
 .text._read    0x00000644       0x64 C:/PROGRA~3/MATLAB/SUPPOR~1/R2023b/3P778C~1.INS/MBEDLI~1.INS/0F0230~1/TARGET_KL25Z/TOOLCHAIN_GCC_ARM/mbed_retarget.o
                0x00000644                _read
 .text._isatty  0x000006a8       0x40 C:/PROGRA~3/MATLAB/SUPPOR~1/R2023b/3P778C~1.INS/MBEDLI~1.INS/0F0230~1/TARGET_KL25Z/TOOLCHAIN_GCC_ARM/mbed_retarget.o
                0x000006a8                _isatty
 .text._lseek   0x000006e8       0x38 C:/PROGRA~3/MATLAB/SUPPOR~1/R2023b/3P778C~1.INS/MBEDLI~1.INS/0F0230~1/TARGET_KL25Z/TOOLCHAIN_GCC_ARM/mbed_retarget.o
                0x000006e8                _lseek
 .text._fstat   0x00000720       0x1e C:/PROGRA~3/MATLAB/SUPPOR~1/R2023b/3P778C~1.INS/MBEDLI~1.INS/0F0230~1/TARGET_KL25Z/TOOLCHAIN_GCC_ARM/mbed_retarget.o
                0x00000720                _fstat
 .text.__cxa_pure_virtual
                0x0000073e        0x8 C:/PROGRA~3/MATLAB/SUPPOR~1/R2023b/3P778C~1.INS/MBEDLI~1.INS/0F0230~1/TARGET_KL25Z/TOOLCHAIN_GCC_ARM/mbed_retarget.o
                0x0000073e                __cxa_pure_virtual
 .text.software_init_hook_rtos
                0x00000746        0x2 C:/PROGRA~3/MATLAB/SUPPOR~1/R2023b/3P778C~1.INS/MBEDLI~1.INS/0F0230~1/TARGET_KL25Z/TOOLCHAIN_GCC_ARM/mbed_retarget.o
                0x00000746                software_init_hook_rtos
 .text.software_init_hook
                0x00000748        0xc C:/PROGRA~3/MATLAB/SUPPOR~1/R2023b/3P778C~1.INS/MBEDLI~1.INS/0F0230~1/TARGET_KL25Z/TOOLCHAIN_GCC_ARM/mbed_retarget.o
                0x00000748                software_init_hook
 .text._sbrk    0x00000754       0x44 C:/PROGRA~3/MATLAB/SUPPOR~1/R2023b/3P778C~1.INS/MBEDLI~1.INS/0F0230~1/TARGET_KL25Z/TOOLCHAIN_GCC_ARM/mbed_retarget.o
                0x00000754                _sbrk
 .text._exit    0x00000798       0x30 C:/PROGRA~3/MATLAB/SUPPOR~1/R2023b/3P778C~1.INS/MBEDLI~1.INS/0F0230~1/TARGET_KL25Z/TOOLCHAIN_GCC_ARM/mbed_retarget.o
                0x00000798                _exit
 .text._ZN4mbed26mbed_set_unbuffered_streamEP7__sFILE
                0x000007c8        0xa C:/PROGRA~3/MATLAB/SUPPOR~1/R2023b/3P778C~1.INS/MBEDLI~1.INS/0F0230~1/TARGET_KL25Z/TOOLCHAIN_GCC_ARM/mbed_retarget.o
                0x000007c8                mbed::mbed_set_unbuffered_stream(__sFILE*)
 .text.__rtos_malloc_lock
                0x000007d2        0x2 C:/PROGRA~3/MATLAB/SUPPOR~1/R2023b/3P778C~1.INS/MBEDLI~1.INS/0F0230~1/TARGET_KL25Z/TOOLCHAIN_GCC_ARM/mbed_retarget.o
                0x000007d2                __rtos_malloc_lock
 .text.__rtos_malloc_unlock
                0x000007d4        0x2 C:/PROGRA~3/MATLAB/SUPPOR~1/R2023b/3P778C~1.INS/MBEDLI~1.INS/0F0230~1/TARGET_KL25Z/TOOLCHAIN_GCC_ARM/mbed_retarget.o
                0x000007d4                __rtos_malloc_unlock
 .text.__malloc_lock
                0x000007d6        0x8 C:/PROGRA~3/MATLAB/SUPPOR~1/R2023b/3P778C~1.INS/MBEDLI~1.INS/0F0230~1/TARGET_KL25Z/TOOLCHAIN_GCC_ARM/mbed_retarget.o
                0x000007d6                __malloc_lock
 .text.__malloc_unlock
                0x000007de        0x8 C:/PROGRA~3/MATLAB/SUPPOR~1/R2023b/3P778C~1.INS/MBEDLI~1.INS/0F0230~1/TARGET_KL25Z/TOOLCHAIN_GCC_ARM/mbed_retarget.o
                0x000007de                __malloc_unlock
 *fill*         0x000007e6        0x2 
 .text._Znwj    0x000007e8       0x18 C:/PROGRA~3/MATLAB/SUPPOR~1/R2023b/3P778C~1.INS/MBEDLI~1.INS/0F0230~1/TARGET_KL25Z/TOOLCHAIN_GCC_ARM/mbed_retarget.o
                0x000007e8                operator new(unsigned int)
 .text._Znaj    0x00000800       0x18 C:/PROGRA~3/MATLAB/SUPPOR~1/R2023b/3P778C~1.INS/MBEDLI~1.INS/0F0230~1/TARGET_KL25Z/TOOLCHAIN_GCC_ARM/mbed_retarget.o
                0x00000800                operator new[](unsigned int)
 .text._ZdaPv   0x00000818        0xc C:/PROGRA~3/MATLAB/SUPPOR~1/R2023b/3P778C~1.INS/MBEDLI~1.INS/0F0230~1/TARGET_KL25Z/TOOLCHAIN_GCC_ARM/mbed_retarget.o
                0x00000818                operator delete[](void*)
 .text._ZdlPv   0x00000824        0x8 C:/PROGRA~3/MATLAB/SUPPOR~1/R2023b/3P778C~1.INS/MBEDLI~1.INS/0F0230~1/TARGET_KL25Z/TOOLCHAIN_GCC_ARM/mbed_retarget.o
                0x00000824                operator delete(void*)
 .text._ZN12SingletonPtrI13PlatformMutexE3getEv
                0x0000082c       0x2c C:/PROGRA~3/MATLAB/SUPPOR~1/R2023b/3P778C~1.INS/MBEDLI~1.INS/0F0230~1/TARGET_KL25Z/TOOLCHAIN_GCC_ARM/mbed_retarget.o
                0x0000082c                SingletonPtr<PlatformMutex>::get()
 .text._ZN4mbed17remove_filehandleEPNS_8FileLikeE
                0x00000858       0x34 C:/PROGRA~3/MATLAB/SUPPOR~1/R2023b/3P778C~1.INS/MBEDLI~1.INS/0F0230~1/TARGET_KL25Z/TOOLCHAIN_GCC_ARM/mbed_retarget.o
                0x00000858                mbed::remove_filehandle(mbed::FileLike*)
 .text._open    0x0000088c       0xf0 C:/PROGRA~3/MATLAB/SUPPOR~1/R2023b/3P778C~1.INS/MBEDLI~1.INS/0F0230~1/TARGET_KL25Z/TOOLCHAIN_GCC_ARM/mbed_retarget.o
                0x0000088c                _open
 .text.SystemInit
                0x0000097c       0xa4 C:/PROGRA~3/MATLAB/SUPPOR~1/R2023b/3P778C~1.INS/MBEDLI~1.INS/0F0230~1/TARGET_KL25Z/TOOLCHAIN_GCC_ARM/system_MKL25Z4.o
                0x0000097c                SystemInit
 .text.analogin_init
                0x00000a20       0xc8 C:/PROGRA~3/MATLAB/SUPPOR~1/R2023b/3P778C~1.INS/MBEDLI~1.INS/0F0230~1/TARGET_KL25Z/TOOLCHAIN_GCC_ARM/analogin_api.o
                0x00000a20                analogin_init
 .text.analogin_read_u16
                0x00000ae8       0x1c C:/PROGRA~3/MATLAB/SUPPOR~1/R2023b/3P778C~1.INS/MBEDLI~1.INS/0F0230~1/TARGET_KL25Z/TOOLCHAIN_GCC_ARM/analogin_api.o
                0x00000ae8                analogin_read_u16
 .text.analogin_read
                0x00000b04       0x18 C:/PROGRA~3/MATLAB/SUPPOR~1/R2023b/3P778C~1.INS/MBEDLI~1.INS/0F0230~1/TARGET_KL25Z/TOOLCHAIN_GCC_ARM/analogin_api.o
                0x00000b04                analogin_read
 .text.gpio_set
                0x00000b1c       0x2c C:/PROGRA~3/MATLAB/SUPPOR~1/R2023b/3P778C~1.INS/MBEDLI~1.INS/0F0230~1/TARGET_KL25Z/TOOLCHAIN_GCC_ARM/gpio_api.o
                0x00000b1c                gpio_set
 .text.gpio_init
                0x00000b48       0x34 C:/PROGRA~3/MATLAB/SUPPOR~1/R2023b/3P778C~1.INS/MBEDLI~1.INS/0F0230~1/TARGET_KL25Z/TOOLCHAIN_GCC_ARM/gpio_api.o
                0x00000b48                gpio_init
 .text.gpio_mode
                0x00000b7c        0xc C:/PROGRA~3/MATLAB/SUPPOR~1/R2023b/3P778C~1.INS/MBEDLI~1.INS/0F0230~1/TARGET_KL25Z/TOOLCHAIN_GCC_ARM/gpio_api.o
                0x00000b7c                gpio_mode
 .text.gpio_dir
                0x00000b88       0x40 C:/PROGRA~3/MATLAB/SUPPOR~1/R2023b/3P778C~1.INS/MBEDLI~1.INS/0F0230~1/TARGET_KL25Z/TOOLCHAIN_GCC_ARM/gpio_api.o
                0x00000b88                gpio_dir
 .text.mbed_die
                0x00000bc8       0x64 C:/PROGRA~3/MATLAB/SUPPOR~1/R2023b/3P778C~1.INS/MBEDLI~1.INS/0F0230~1/TARGET_KL25Z/TOOLCHAIN_GCC_ARM/mbed_board.o
                0x00000bc8                mbed_die
 .text.mbed_error_vfprintf
                0x00000c2c       0x54 C:/PROGRA~3/MATLAB/SUPPOR~1/R2023b/3P778C~1.INS/MBEDLI~1.INS/0F0230~1/TARGET_KL25Z/TOOLCHAIN_GCC_ARM/mbed_board.o
                0x00000c2c                mbed_error_vfprintf
 .text.mbed_error_printf
                0x00000c80       0x16 C:/PROGRA~3/MATLAB/SUPPOR~1/R2023b/3P778C~1.INS/MBEDLI~1.INS/0F0230~1/TARGET_KL25Z/TOOLCHAIN_GCC_ARM/mbed_board.o
                0x00000c80                mbed_error_printf
 .text.NMI_Handler
                0x00000c96        0xe C:/PROGRA~3/MATLAB/SUPPOR~1/R2023b/3P778C~1.INS/MBEDLI~1.INS/0F0230~1/TARGET_KL25Z/TOOLCHAIN_GCC_ARM/mbed_overrides.o
                0x00000c96                NMI_Handler
 .text.pin_function
                0x00000ca4       0x5c C:/PROGRA~3/MATLAB/SUPPOR~1/R2023b/3P778C~1.INS/MBEDLI~1.INS/0F0230~1/TARGET_KL25Z/TOOLCHAIN_GCC_ARM/pinmap.o
                0x00000ca4                pin_function
 .text.pin_mode
                0x00000d00       0x30 C:/PROGRA~3/MATLAB/SUPPOR~1/R2023b/3P778C~1.INS/MBEDLI~1.INS/0F0230~1/TARGET_KL25Z/TOOLCHAIN_GCC_ARM/pinmap.o
                0x00000d00                pin_mode
 .text.mcgpllfll_frequency.part.0
                0x00000d30       0x4c C:/PROGRA~3/MATLAB/SUPPOR~1/R2023b/3P778C~1.INS/MBEDLI~1.INS/0F0230~1/TARGET_KL25Z/TOOLCHAIN_GCC_ARM/pwmout_api.o
 .text.pwmout_write
                0x00000d7c       0x48 C:/PROGRA~3/MATLAB/SUPPOR~1/R2023b/3P778C~1.INS/MBEDLI~1.INS/0F0230~1/TARGET_KL25Z/TOOLCHAIN_GCC_ARM/pwmout_api.o
                0x00000d7c                pwmout_write
 .text.pwmout_read
                0x00000dc4       0x36 C:/PROGRA~3/MATLAB/SUPPOR~1/R2023b/3P778C~1.INS/MBEDLI~1.INS/0F0230~1/TARGET_KL25Z/TOOLCHAIN_GCC_ARM/pwmout_api.o
                0x00000dc4                pwmout_read
 *fill*         0x00000dfa        0x2 
 .text.pwmout_period_us
                0x00000dfc       0x34 C:/PROGRA~3/MATLAB/SUPPOR~1/R2023b/3P778C~1.INS/MBEDLI~1.INS/0F0230~1/TARGET_KL25Z/TOOLCHAIN_GCC_ARM/pwmout_api.o
                0x00000dfc                pwmout_period_us
 .text.pwmout_period
                0x00000e30       0x20 C:/PROGRA~3/MATLAB/SUPPOR~1/R2023b/3P778C~1.INS/MBEDLI~1.INS/0F0230~1/TARGET_KL25Z/TOOLCHAIN_GCC_ARM/pwmout_api.o
                0x00000e30                pwmout_period
 .text.pwmout_init
                0x00000e50      0x20c C:/PROGRA~3/MATLAB/SUPPOR~1/R2023b/3P778C~1.INS/MBEDLI~1.INS/0F0230~1/TARGET_KL25Z/TOOLCHAIN_GCC_ARM/pwmout_api.o
                0x00000e50                pwmout_init
 .text.pwmout_pulsewidth_us
                0x0000105c       0x20 C:/PROGRA~3/MATLAB/SUPPOR~1/R2023b/3P778C~1.INS/MBEDLI~1.INS/0F0230~1/TARGET_KL25Z/TOOLCHAIN_GCC_ARM/pwmout_api.o
                0x0000105c                pwmout_pulsewidth_us
 .text.pwmout_pulsewidth
                0x0000107c       0x20 C:/PROGRA~3/MATLAB/SUPPOR~1/R2023b/3P778C~1.INS/MBEDLI~1.INS/0F0230~1/TARGET_KL25Z/TOOLCHAIN_GCC_ARM/pwmout_api.o
                0x0000107c                pwmout_pulsewidth
 .text.mcgpllfll_frequency
                0x0000109c       0x58 C:/PROGRA~3/MATLAB/SUPPOR~1/R2023b/3P778C~1.INS/MBEDLI~1.INS/0F0230~1/TARGET_KL25Z/TOOLCHAIN_GCC_ARM/serial_api.o
 .text.uart_irq
                0x000010f4       0x34 C:/PROGRA~3/MATLAB/SUPPOR~1/R2023b/3P778C~1.INS/MBEDLI~1.INS/0F0230~1/TARGET_KL25Z/TOOLCHAIN_GCC_ARM/serial_api.o
 .text.uart1_irq
                0x00001128       0x14 C:/PROGRA~3/MATLAB/SUPPOR~1/R2023b/3P778C~1.INS/MBEDLI~1.INS/0F0230~1/TARGET_KL25Z/TOOLCHAIN_GCC_ARM/serial_api.o
                0x00001128                uart1_irq
 .text.uart2_irq
                0x0000113c       0x14 C:/PROGRA~3/MATLAB/SUPPOR~1/R2023b/3P778C~1.INS/MBEDLI~1.INS/0F0230~1/TARGET_KL25Z/TOOLCHAIN_GCC_ARM/serial_api.o
                0x0000113c                uart2_irq
 .text.uart0_irq
                0x00001150       0x24 C:/PROGRA~3/MATLAB/SUPPOR~1/R2023b/3P778C~1.INS/MBEDLI~1.INS/0F0230~1/TARGET_KL25Z/TOOLCHAIN_GCC_ARM/serial_api.o
                0x00001150                uart0_irq
 .text.serial_baud
                0x00001174      0x138 C:/PROGRA~3/MATLAB/SUPPOR~1/R2023b/3P778C~1.INS/MBEDLI~1.INS/0F0230~1/TARGET_KL25Z/TOOLCHAIN_GCC_ARM/serial_api.o
                0x00001174                serial_baud
 .text.serial_format
                0x000012ac       0x94 C:/PROGRA~3/MATLAB/SUPPOR~1/R2023b/3P778C~1.INS/MBEDLI~1.INS/0F0230~1/TARGET_KL25Z/TOOLCHAIN_GCC_ARM/serial_api.o
                0x000012ac                serial_format
 .text.serial_init
                0x00001340      0x16c C:/PROGRA~3/MATLAB/SUPPOR~1/R2023b/3P778C~1.INS/MBEDLI~1.INS/0F0230~1/TARGET_KL25Z/TOOLCHAIN_GCC_ARM/serial_api.o
                0x00001340                serial_init
 .text.serial_irq_handler
                0x000014ac       0x18 C:/PROGRA~3/MATLAB/SUPPOR~1/R2023b/3P778C~1.INS/MBEDLI~1.INS/0F0230~1/TARGET_KL25Z/TOOLCHAIN_GCC_ARM/serial_api.o
                0x000014ac                serial_irq_handler
 .text.serial_irq_set
                0x000014c4       0xc0 C:/PROGRA~3/MATLAB/SUPPOR~1/R2023b/3P778C~1.INS/MBEDLI~1.INS/0F0230~1/TARGET_KL25Z/TOOLCHAIN_GCC_ARM/serial_api.o
                0x000014c4                serial_irq_set
 .text.serial_readable
                0x00001584       0x18 C:/PROGRA~3/MATLAB/SUPPOR~1/R2023b/3P778C~1.INS/MBEDLI~1.INS/0F0230~1/TARGET_KL25Z/TOOLCHAIN_GCC_ARM/serial_api.o
                0x00001584                serial_readable
 .text.serial_getc
                0x0000159c       0x16 C:/PROGRA~3/MATLAB/SUPPOR~1/R2023b/3P778C~1.INS/MBEDLI~1.INS/0F0230~1/TARGET_KL25Z/TOOLCHAIN_GCC_ARM/serial_api.o
                0x0000159c                serial_getc
 .text.serial_writable
                0x000015b2       0x18 C:/PROGRA~3/MATLAB/SUPPOR~1/R2023b/3P778C~1.INS/MBEDLI~1.INS/0F0230~1/TARGET_KL25Z/TOOLCHAIN_GCC_ARM/serial_api.o
                0x000015b2                serial_writable
 .text.serial_putc
                0x000015ca       0x18 C:/PROGRA~3/MATLAB/SUPPOR~1/R2023b/3P778C~1.INS/MBEDLI~1.INS/0F0230~1/TARGET_KL25Z/TOOLCHAIN_GCC_ARM/serial_api.o
                0x000015ca                serial_putc
 *fill*         0x000015e2        0x2 
 .text.lptmr_set
                0x000015e4       0x20 C:/PROGRA~3/MATLAB/SUPPOR~1/R2023b/3P778C~1.INS/MBEDLI~1.INS/0F0230~1/TARGET_KL25Z/TOOLCHAIN_GCC_ARM/us_ticker.o
 .text.lptmr_isr
                0x00001604       0x48 C:/PROGRA~3/MATLAB/SUPPOR~1/R2023b/3P778C~1.INS/MBEDLI~1.INS/0F0230~1/TARGET_KL25Z/TOOLCHAIN_GCC_ARM/us_ticker.o
 .text.us_ticker_init
                0x0000164c      0x1e4 C:/PROGRA~3/MATLAB/SUPPOR~1/R2023b/3P778C~1.INS/MBEDLI~1.INS/0F0230~1/TARGET_KL25Z/TOOLCHAIN_GCC_ARM/us_ticker.o
                0x0000164c                us_ticker_init
 .text.us_ticker_read
                0x00001830       0x20 C:/PROGRA~3/MATLAB/SUPPOR~1/R2023b/3P778C~1.INS/MBEDLI~1.INS/0F0230~1/TARGET_KL25Z/TOOLCHAIN_GCC_ARM/us_ticker.o
                0x00001830                us_ticker_read
 .text.us_ticker_disable_interrupt
                0x00001850       0x10 C:/PROGRA~3/MATLAB/SUPPOR~1/R2023b/3P778C~1.INS/MBEDLI~1.INS/0F0230~1/TARGET_KL25Z/TOOLCHAIN_GCC_ARM/us_ticker.o
                0x00001850                us_ticker_disable_interrupt
 .text.us_ticker_clear_interrupt
                0x00001860        0x2 C:/PROGRA~3/MATLAB/SUPPOR~1/R2023b/3P778C~1.INS/MBEDLI~1.INS/0F0230~1/TARGET_KL25Z/TOOLCHAIN_GCC_ARM/us_ticker.o
                0x00001860                us_ticker_clear_interrupt
 *fill*         0x00001862        0x2 
 .text.us_ticker_set_interrupt
                0x00001864       0x40 C:/PROGRA~3/MATLAB/SUPPOR~1/R2023b/3P778C~1.INS/MBEDLI~1.INS/0F0230~1/TARGET_KL25Z/TOOLCHAIN_GCC_ARM/us_ticker.o
                0x00001864                us_ticker_set_interrupt
 .text.gpio_write
                0x000018a4       0x4c MW_DC_Motor.o
 .text._ZN4mbed10DigitalOutC2E7PinName
                0x000018f0       0x36 MW_DC_Motor.o
                0x000018f0                mbed::DigitalOut::DigitalOut(PinName)
                0x000018f0                mbed::DigitalOut::DigitalOut(PinName)
 .text._ZN4mbed10DigitalOut5writeEi
                0x00001926       0x1e MW_DC_Motor.o
                0x00001926                mbed::DigitalOut::write(int)
 .text._ZN4mbed10DigitalOutaSEi
                0x00001944       0x20 MW_DC_Motor.o
                0x00001944                mbed::DigitalOut::operator=(int)
 .text._ZN4mbed6PwmOutC2E7PinName
                0x00001964       0x30 MW_DC_Motor.o
                0x00001964                mbed::PwmOut::PwmOut(PinName)
                0x00001964                mbed::PwmOut::PwmOut(PinName)
 .text._ZN4mbed6PwmOut5writeEf
                0x00001994       0x26 MW_DC_Motor.o
                0x00001994                mbed::PwmOut::write(float)
 .text._ZN4mbed6PwmOut6periodEf
                0x000019ba       0x26 MW_DC_Motor.o
                0x000019ba                mbed::PwmOut::period(float)
 .text._ZN4mbed6PwmOutaSEf
                0x000019e0       0x20 MW_DC_Motor.o
                0x000019e0                mbed::PwmOut::operator=(float)
 .text._ZN11MW_DC_MotorD2Ev
                0x00001a00       0x3a MW_DC_Motor.o
                0x00001a00                MW_DC_Motor::~MW_DC_Motor()
                0x00001a00                MW_DC_Motor::~MW_DC_Motor()
 *fill*         0x00001a3a        0x2 
 .text._ZN11MW_DC_MotorC2Ec
                0x00001a3c       0xc8 MW_DC_Motor.o
                0x00001a3c                MW_DC_Motor::MW_DC_Motor(char)
                0x00001a3c                MW_DC_Motor::MW_DC_Motor(char)
 .text._ZN11MW_DC_Motor14initMotorInputEPN4mbed6PwmOutE
                0x00001b04       0x30 MW_DC_Motor.o
                0x00001b04                MW_DC_Motor::initMotorInput(mbed::PwmOut*)
 .text._ZN11MW_DC_Motor8setSpeedEf
                0x00001b34       0x94 MW_DC_Motor.o
                0x00001b34                MW_DC_Motor::setSpeed(float)
 .text._ZN11MW_DC_Motor14disableHbridgeEv
                0x00001bc8       0x20 MW_DC_Motor.o
                0x00001bc8                MW_DC_Motor::disableHbridge()
 .text._ZN11MW_DC_Motor13enableHbridgeEv
                0x00001be8       0x20 MW_DC_Motor.o
                0x00001be8                MW_DC_Motor::enableHbridge()
 .text._Z41__static_initialization_and_destruction_0ii
                0x00001c08       0x38 MW_DC_Motor.o
 .text._GLOBAL__sub_I__ZN11MW_DC_Motor9hBridgeENE
                0x00001c40       0x18 MW_DC_Motor.o
 .text.MW_dcMotor_Init
                0x00001c58       0x40 dcMotor_wrapper.o
                0x00001c58                MW_dcMotor_Init
 .text.MW_Set_dcMotor_Speed
                0x00001c98       0x30 dcMotor_wrapper.o
                0x00001c98                MW_Set_dcMotor_Speed
 .text.MW_dcMotor_Terminate
                0x00001cc8       0x34 dcMotor_wrapper.o
                0x00001cc8                MW_dcMotor_Terminate
 .text.gpio_read
                0x00001cfc       0x44 MW_Dip_Switch.o
 .text._ZN4mbed9DigitalInC2E7PinName
                0x00001d40       0x36 MW_Dip_Switch.o
                0x00001d40                mbed::DigitalIn::DigitalIn(PinName)
                0x00001d40                mbed::DigitalIn::DigitalIn(PinName)
 .text._ZN4mbed9DigitalIn4readEv
                0x00001d76       0x1a MW_Dip_Switch.o
                0x00001d76                mbed::DigitalIn::read()
 .text._ZN13MW_Dip_SwitchD2Ev
                0x00001d90       0x38 MW_Dip_Switch.o
                0x00001d90                MW_Dip_Switch::~MW_Dip_Switch()
                0x00001d90                MW_Dip_Switch::~MW_Dip_Switch()
 .text._ZN13MW_Dip_SwitchC2Ev
                0x00001dc8       0x4c MW_Dip_Switch.o
                0x00001dc8                MW_Dip_Switch::MW_Dip_Switch()
                0x00001dc8                MW_Dip_Switch::MW_Dip_Switch()
 .text._ZN13MW_Dip_Switch14getBinaryValueEPh
                0x00001e14       0x40 MW_Dip_Switch.o
                0x00001e14                MW_Dip_Switch::getBinaryValue(unsigned char*)
 .text.MW_Dip_Switch_Init
                0x00001e54       0x24 dipSwitch_wrapper.o
                0x00001e54                MW_Dip_Switch_Init
 .text.MW_Get_Dip_Switch_Binary_Data
                0x00001e78       0x24 dipSwitch_wrapper.o
                0x00001e78                MW_Get_Dip_Switch_Binary_Data
 .text.MW_Dip_Switch_Terminate
                0x00001e9c       0x24 dipSwitch_wrapper.o
                0x00001e9c                MW_Dip_Switch_Terminate
 .text._ZN13PlatformMutex4lockEv
                0x00001ec0       0x10 MW_Camera.o
                0x00001ec0                PlatformMutex::lock()
 .text._ZN13PlatformMutex6unlockEv
                0x00001ed0       0x10 MW_Camera.o
                0x00001ed0                PlatformMutex::unlock()
 .text._ZnwjPv  0x00001ee0       0x14 MW_Camera.o
                0x00001ee0                operator new(unsigned int, void*)
 .text._ZN4mbed8AnalogInC2E7PinName
                0x00001ef4       0x44 MW_Camera.o
                0x00001ef4                mbed::AnalogIn::AnalogIn(PinName)
                0x00001ef4                mbed::AnalogIn::AnalogIn(PinName)
 .text._ZN4mbed8AnalogIn8read_u16Ev
                0x00001f38       0x42 MW_Camera.o
                0x00001f38                mbed::AnalogIn::read_u16()
 *fill*         0x00001f7a        0x2 
 .text._ZN4mbed8AnalogInD2Ev
                0x00001f7c       0x1c MW_Camera.o
                0x00001f7c                mbed::AnalogIn::~AnalogIn()
                0x00001f7c                mbed::AnalogIn::~AnalogIn()
 .text._ZN4mbed8AnalogInD0Ev
                0x00001f98       0x24 MW_Camera.o
                0x00001f98                mbed::AnalogIn::~AnalogIn()
 .text._ZN4mbed8AnalogIn4lockEv
                0x00001fbc       0x24 MW_Camera.o
                0x00001fbc                mbed::AnalogIn::lock()
 .text._ZN4mbed8AnalogIn6unlockEv
                0x00001fe0       0x24 MW_Camera.o
                0x00001fe0                mbed::AnalogIn::unlock()
 .text._ZN9MW_CameraD2Ev
                0x00002004       0x24 MW_Camera.o
                0x00002004                MW_Camera::~MW_Camera()
                0x00002004                MW_Camera::~MW_Camera()
 .text._ZN9MW_CameraC2Eh
                0x00002028       0x64 MW_Camera.o
                0x00002028                MW_Camera::MW_Camera(unsigned char)
                0x00002028                MW_Camera::MW_Camera(unsigned char)
 .text._ZN9MW_Camera14getCameraImageEPt
                0x0000208c       0x3c MW_Camera.o
                0x0000208c                MW_Camera::getCameraImage(unsigned short*)
 .text._ZN9MW_Camera15setExposureTimeEh
                0x000020c8       0x30 MW_Camera.o
                0x000020c8                MW_Camera::setExposureTime(unsigned char)
 .text._ZN9MW_Camera16updateCameraDataEv
                0x000020f8       0x94 MW_Camera.o
                0x000020f8                MW_Camera::updateCameraData()
 .text._ZN9MW_Camera17updateCameraImageEv
                0x0000218c       0x8c MW_Camera.o
                0x0000218c                MW_Camera::updateCameraImage()
 .text._ZN12SingletonPtrI13PlatformMutexEptEv
                0x00002218       0x1a MW_Camera.o
                0x00002218                SingletonPtr<PlatformMutex>::operator->()
 *fill*         0x00002232        0x2 
 .text._Z41__static_initialization_and_destruction_0ii
                0x00002234       0x4c MW_Camera.o
 .text._GLOBAL__sub_I__ZN9MW_Camera13cameraPinNameE
                0x00002280       0x18 MW_Camera.o
 .text.MW_Camera_Init
                0x00002298       0x3c camera_wrapper.o
                0x00002298                MW_Camera_Init
 .text.MW_Get_Camera_Image
                0x000022d4       0x30 camera_wrapper.o
                0x000022d4                MW_Get_Camera_Image
 .text.MW_Set_Camera_Exposure
                0x00002304       0x34 camera_wrapper.o
                0x00002304                MW_Set_Camera_Exposure
 .text.MW_Refresh_Camera_Data
                0x00002338       0x28 camera_wrapper.o
                0x00002338                MW_Refresh_Camera_Data
 .text.MW_Camera_Terminate
                0x00002360       0x38 camera_wrapper.o
                0x00002360                MW_Camera_Terminate
 .text._ZN4mbed8AnalogIn4readEv
                0x00002398       0x3c pot_wrapper.o
                0x00002398                mbed::AnalogIn::read()
 .text.MW_Pot_Init
                0x000023d4       0x44 pot_wrapper.o
                0x000023d4                MW_Pot_Init
 .text.MW_Get_Potentiometer_Data
                0x00002418       0x40 pot_wrapper.o
                0x00002418                MW_Get_Potentiometer_Data
 .text.MW_Pot_Terminate
                0x00002458       0x30 pot_wrapper.o
                0x00002458                MW_Pot_Terminate
 .text._ZN4mbed6PwmOut10pulsewidthEf
                0x00002488       0x26 MW_Servo.o
                0x00002488                mbed::PwmOut::pulsewidth(float)
 .text._ZN8MW_ServoD2Ev
                0x000024ae       0x22 MW_Servo.o
                0x000024ae                MW_Servo::~MW_Servo()
                0x000024ae                MW_Servo::~MW_Servo()
 .text._ZN8MW_ServoC2Ehff
                0x000024d0       0x5c MW_Servo.o
                0x000024d0                MW_Servo::MW_Servo(unsigned char, float, float)
                0x000024d0                MW_Servo::MW_Servo(unsigned char, float, float)
 .text._ZN8MW_Servo11setMinAngleEf
                0x0000252c       0x18 MW_Servo.o
                0x0000252c                MW_Servo::setMinAngle(float)
 .text._ZN8MW_Servo11setMaxAngleEf
                0x00002544       0x18 MW_Servo.o
                0x00002544                MW_Servo::setMaxAngle(float)
 .text._ZN8MW_Servo8setRangeEff
                0x0000255c       0x2c MW_Servo.o
                0x0000255c                MW_Servo::setRange(float, float)
 .text._ZN8MW_Servo9initServoEPN4mbed6PwmOutE
                0x00002588       0x30 MW_Servo.o
                0x00002588                MW_Servo::initServo(mbed::PwmOut*)
 .text._ZN8MW_Servo8setAngleEf
                0x000025b8       0x7c MW_Servo.o
                0x000025b8                MW_Servo::setAngle(float)
 .text.MW_Servo_Init
                0x00002634       0x44 servo_wrapper.o
                0x00002634                MW_Servo_Init
 .text.MW_Set_Servo_Angle
                0x00002678       0x30 servo_wrapper.o
                0x00002678                MW_Set_Servo_Angle
 .text.MW_Servo_Terminate
                0x000026a8       0x34 servo_wrapper.o
                0x000026a8                MW_Servo_Terminate
 .text.MW_digitalOut_Init
                0x000026dc       0x44 digitalPin_wrapper.o
                0x000026dc                MW_digitalOut_Init
 .text.MW_Write_Digital_Pin
                0x00002720       0x34 digitalPin_wrapper.o
                0x00002720                MW_Write_Digital_Pin
 .text.MW_digitalOut_Terminate
                0x00002754       0x30 digitalPin_wrapper.o
                0x00002754                MW_digitalOut_Terminate
 .text.MW_Serial_Init
                0x00002784      0x1dc serial_wrapper.o
                0x00002784                MW_Serial_Init
 .text.MW_Serial_Transmit
                0x00002960      0x40c serial_wrapper.o
                0x00002960                MW_Serial_Transmit
 .text.look1_binlcapw
                0x00002d6c      0x15a diaforiko_epitaxinsh_PID_test.o
                0x00002d6c                look1_binlcapw
 *fill*         0x00002ec6        0x2 
 .text.diaforiko_epitaxinsh_PID_test_SetEventsForThisBaseStep
                0x00002ec8       0x24 diaforiko_epitaxinsh_PID_test.o
                0x00002ec8                diaforiko_epitaxinsh_PID_test_SetEventsForThisBaseStep
 .text.rate_monotonic_scheduler
                0x00002eec       0x34 diaforiko_epitaxinsh_PID_test.o
 .text.diaforiko_epitaxinsh_PID_test_step0
                0x00002f20      0x4cc diaforiko_epitaxinsh_PID_test.o
                0x00002f20                diaforiko_epitaxinsh_PID_test_step0
 .text.diaforiko_epitaxinsh_PID_test_step1
                0x000033ec       0x54 diaforiko_epitaxinsh_PID_test.o
                0x000033ec                diaforiko_epitaxinsh_PID_test_step1
 .text.diaforiko_epitaxinsh_PID_test_initialize
                0x00003440      0x1c8 diaforiko_epitaxinsh_PID_test.o
                0x00003440                diaforiko_epitaxinsh_PID_test_initialize
 .text.diaforiko_epitaxinsh_PID_test_terminate
                0x00003608      0x130 diaforiko_epitaxinsh_PID_test.o
                0x00003608                diaforiko_epitaxinsh_PID_test_terminate
 .text.rt_OneStep
                0x00003738       0xd0 ert_main.o
                0x00003738                rt_OneStep
 .text.main     0x00003808       0x9c ert_main.o
                0x00003808                main
 .text.BoardInit
                0x000038a4       0xa8 BoardInit.o
                0x000038a4                BoardInit
 .text._ZN13PlatformMutexD2Ev
                0x0000394c       0x12 BufferedSerial.o
                0x0000394c                PlatformMutex::~PlatformMutex()
                0x0000394c                PlatformMutex::~PlatformMutex()
 .text._ZN4mbed8FileLike5lseekEli
                0x0000395e       0x26 BufferedSerial.o
                0x0000395e                mbed::FileLike::lseek(long, int)
 .text._ZN4mbed8FileLike5fsyncEv
                0x00003984       0x20 BufferedSerial.o
                0x00003984                mbed::FileLike::fsync()
 .text._ZN4mbed8FileLike4flenEv
                0x000039a4       0x20 BufferedSerial.o
                0x000039a4                mbed::FileLike::flen()
 .text._ZN4mbed10SerialBaseD2Ev
                0x000039c4       0x40 BufferedSerial.o
                0x000039c4                mbed::SerialBase::~SerialBase()
                0x000039c4                mbed::SerialBase::~SerialBase()
 .text._ZN4mbed10SerialBaseD0Ev
                0x00003a04       0x24 BufferedSerial.o
                0x00003a04                mbed::SerialBase::~SerialBase()
 .text._ZN4mbed6SerialD2Ev
                0x00003a28       0x54 BufferedSerial.o
                0x00003a28                mbed::Serial::~Serial()
                0x00003a28                mbed::Serial::~Serial()
                0x00003a6c                non-virtual thunk to mbed::Serial::~Serial()
 .text._ZN4mbed6SerialD0Ev
                0x00003a7c       0x34 BufferedSerial.o
                0x00003a7c                mbed::Serial::~Serial()
                0x00003aa0                non-virtual thunk to mbed::Serial::~Serial()
 .text._ZN14BufferedSerialC2E7PinNameS0_RKi
                0x00003ab0       0xb0 BufferedSerial.o
                0x00003ab0                BufferedSerial::BufferedSerial(PinName, PinName, int const&)
                0x00003ab0                BufferedSerial::BufferedSerial(PinName, PinName, int const&)
 .text._ZN14BufferedSerialD2Ev
                0x00003b60       0x8c BufferedSerial.o
                0x00003b60                BufferedSerial::~BufferedSerial()
                0x00003b60                BufferedSerial::~BufferedSerial()
 .text._ZThn48_N14BufferedSerialD1Ev
                0x00003bec       0x10 BufferedSerial.o
                0x00003bec                non-virtual thunk to BufferedSerial::~BufferedSerial()
 .text._ZN14BufferedSerialD0Ev
                0x00003bfc       0x24 BufferedSerial.o
                0x00003bfc                BufferedSerial::~BufferedSerial()
 .text._ZThn48_N14BufferedSerialD0Ev
                0x00003c20       0x10 BufferedSerial.o
                0x00003c20                non-virtual thunk to BufferedSerial::~BufferedSerial()
 .text._ZN14BufferedSerial14initDataBufferEv
                0x00003c30       0x2a BufferedSerial.o
                0x00003c30                BufferedSerial::initDataBuffer()
 .text._ZN14BufferedSerial17writeToDataBufferEh
                0x00003c5a       0x50 BufferedSerial.o
                0x00003c5a                BufferedSerial::writeToDataBuffer(unsigned char)
 .text._ZN14BufferedSerial5rxIrqEv
                0x00003caa       0x28 BufferedSerial.o
                0x00003caa                BufferedSerial::rxIrq()
 .text._ZN4mbed8CallbackIFvvEED2Ev
                0x00003cd2       0x26 BufferedSerial.o
                0x00003cd2                mbed::Callback<void ()>::~Callback()
                0x00003cd2                mbed::Callback<void ()>::~Callback()
 .text._ZN4mbed8CallbackIFvvEEC2EPS1_
                0x00003cf8       0x2e BufferedSerial.o
                0x00003cf8                mbed::Callback<void ()>::Callback(void (*)())
                0x00003cf8                mbed::Callback<void ()>::Callback(void (*)())
 .text._ZN4mbed10SerialBase6attachI14BufferedSerialEEvPT_MS3_FvvENS0_7IrqTypeE
                0x00003d26       0x44 BufferedSerial.o
                0x00003d26                void mbed::SerialBase::attach<BufferedSerial>(BufferedSerial*, void (BufferedSerial::*)(), mbed::SerialBase::IrqType)
 *fill*         0x00003d6a        0x2 
 .text._ZN4mbed8CallbackIFvvEE8generateIPS1_EEvRKT_
                0x00003d6c       0x30 BufferedSerial.o
                0x00003d6c                void mbed::Callback<void ()>::generate<void (*)()>(void (* const&)())
 .text._ZN4mbed8callbackI14BufferedSerialS1_vEENS_8CallbackIFT1_vEEEPT0_MT_FS3_vE
                0x00003d9c       0x26 BufferedSerial.o
                0x00003d9c                mbed::Callback<void ()> mbed::callback<BufferedSerial, BufferedSerial, void>(BufferedSerial*, void (BufferedSerial::*)())
 .text._ZN4mbed8CallbackIFvvEE13function_callIPS1_EEvPKv
                0x00003dc2       0x16 BufferedSerial.o
                0x00003dc2                void mbed::Callback<void ()>::function_call<void (*)()>(void const*)
 .text._ZN4mbed8CallbackIFvvEE13function_moveIPS1_EEvPvPKv
                0x00003dd8       0x24 BufferedSerial.o
                0x00003dd8                void mbed::Callback<void ()>::function_move<void (*)()>(void*, void const*)
 .text._ZN4mbed8CallbackIFvvEE13function_dtorIPS1_EEvPv
                0x00003dfc       0x10 BufferedSerial.o
                0x00003dfc                void mbed::Callback<void ()>::function_dtor<void (*)()>(void*)
 .text._ZN4mbed8CallbackIFvvEEC2I14BufferedSerialS4_EEPT0_MT_FvvE
                0x00003e0c       0x36 BufferedSerial.o
                0x00003e0c                mbed::Callback<void ()>::Callback<BufferedSerial, BufferedSerial>(BufferedSerial*, void (BufferedSerial::*)())
                0x00003e0c                mbed::Callback<void ()>::Callback<BufferedSerial, BufferedSerial>(BufferedSerial*, void (BufferedSerial::*)())
 .text._ZN4mbed8CallbackIFvvEE14method_contextI14BufferedSerialMS4_FvvEEC2EPS4_S6_
                0x00003e42       0x28 BufferedSerial.o
                0x00003e42                mbed::Callback<void ()>::method_context<BufferedSerial, void (BufferedSerial::*)()>::method_context(BufferedSerial*, void (BufferedSerial::*)())
                0x00003e42                mbed::Callback<void ()>::method_context<BufferedSerial, void (BufferedSerial::*)()>::method_context(BufferedSerial*, void (BufferedSerial::*)())
 *fill*         0x00003e6a        0x2 
 .text._ZN4mbed8CallbackIFvvEE8generateINS2_14method_contextI14BufferedSerialMS5_FvvEEEEEvRKT_
                0x00003e6c       0x30 BufferedSerial.o
                0x00003e6c                void mbed::Callback<void ()>::generate<mbed::Callback<void ()>::method_context<BufferedSerial, void (BufferedSerial::*)()> >(mbed::Callback<void ()>::method_context<BufferedSerial, void (BufferedSerial::*)()> const&)
 .text._ZN4mbed8CallbackIFvvEE13function_callINS2_14method_contextI14BufferedSerialMS5_FvvEEEEEvPKv
                0x00003e9c       0x18 BufferedSerial.o
                0x00003e9c                void mbed::Callback<void ()>::function_call<mbed::Callback<void ()>::method_context<BufferedSerial, void (BufferedSerial::*)()> >(void const*)
 .text._ZN4mbed8CallbackIFvvEE13function_moveINS2_14method_contextI14BufferedSerialMS5_FvvEEEEEvPvPKv
                0x00003eb4       0x24 BufferedSerial.o
                0x00003eb4                void mbed::Callback<void ()>::function_move<mbed::Callback<void ()>::method_context<BufferedSerial, void (BufferedSerial::*)()> >(void*, void const*)
 .text._ZN4mbed8CallbackIFvvEE13function_dtorINS2_14method_contextI14BufferedSerialMS5_FvvEEEEEvPv
                0x00003ed8       0x10 BufferedSerial.o
                0x00003ed8                void mbed::Callback<void ()>::function_dtor<mbed::Callback<void ()>::method_context<BufferedSerial, void (BufferedSerial::*)()> >(void*)
 .text._ZNK4mbed8CallbackIFvvEE14method_contextI14BufferedSerialMS4_FvvEEclEv
                0x00003ee8       0x46 BufferedSerial.o
                0x00003ee8                mbed::Callback<void ()>::method_context<BufferedSerial, void (BufferedSerial::*)()>::operator()() const
 *fill*         0x00003f2e        0x2 
 .text.NVIC_SetPriority
                0x00003f30       0xdc SysTickScheduler.o
 .text.SysTick_Config
                0x0000400c       0x48 SysTickScheduler.o
 .text.SysTick_Isr
                0x00004054       0x4c SysTickScheduler.o
 .text.SysTick_Handler
                0x000040a0       0x14 SysTickScheduler.o
                0x000040a0                SysTick_Handler
 .text.ARMCM_SysTick_Config
                0x000040b4       0xac SysTickScheduler.o
                0x000040b4                ARMCM_SysTick_Config
 .text.arm_cortex_m_call_thread_with_context_switch
                0x00004160       0x28 m0m1m0plus_multitasking.o
                0x00004160                arm_cortex_m_call_thread_with_context_switch
 .text.SVC_Handler
                0x00004188       0x2c m0m1m0plus_multitasking.o
                0x00004188                SVC_Handler
 .text._ZN4mbed8FilePathC2EPKc
                0x000041b4       0x3e C:/ProgramData/MATLAB/SupportPackages/R2023b/3P.instrset/mbedlibrary-stm.instrset/0f02307a0877/TARGET_KL25Z/TOOLCHAIN_GCC_ARM/libmbed.a(FilePath.o)
                0x000041b4                mbed::FilePath::FilePath(char const*)
                0x000041b4                mbed::FilePath::FilePath(char const*)
 .text._ZN4mbed8FilePath6isFileEv
                0x000041f2       0x14 C:/ProgramData/MATLAB/SupportPackages/R2023b/3P.instrset/mbedlibrary-stm.instrset/0f02307a0877/TARGET_KL25Z/TOOLCHAIN_GCC_ARM/libmbed.a(FilePath.o)
                0x000041f2                mbed::FilePath::isFile()
 .text._ZN4mbed8FilePath4fileEv
                0x00004206       0x12 C:/ProgramData/MATLAB/SupportPackages/R2023b/3P.instrset/mbedlibrary-stm.instrset/0f02307a0877/TARGET_KL25Z/TOOLCHAIN_GCC_ARM/libmbed.a(FilePath.o)
                0x00004206                mbed::FilePath::file()
 .text._ZN4mbed8FilePath6existsEv
                0x00004218        0xa C:/ProgramData/MATLAB/SupportPackages/R2023b/3P.instrset/mbedlibrary-stm.instrset/0f02307a0877/TARGET_KL25Z/TOOLCHAIN_GCC_ARM/libmbed.a(FilePath.o)
                0x00004218                mbed::FilePath::exists()
 .text._ZN4mbed8FileBase11getPathTypeEv
                0x00004222        0x4 C:/ProgramData/MATLAB/SupportPackages/R2023b/3P.instrset/mbedlibrary-stm.instrset/0f02307a0877/TARGET_KL25Z/TOOLCHAIN_GCC_ARM/libmbed.a(FileBase.o)
                0x00004222                mbed::FileBase::getPathType()
 *fill*         0x00004226        0x2 
 .text._ZN4mbed8FileBaseC2EPKcNS_8PathTypeE
                0x00004228       0x44 C:/ProgramData/MATLAB/SupportPackages/R2023b/3P.instrset/mbedlibrary-stm.instrset/0f02307a0877/TARGET_KL25Z/TOOLCHAIN_GCC_ARM/libmbed.a(FileBase.o)
                0x00004228                mbed::FileBase::FileBase(char const*, mbed::PathType)
                0x00004228                mbed::FileBase::FileBase(char const*, mbed::PathType)
 .text._ZN4mbed8FileBaseD2Ev
                0x0000426c       0x54 C:/ProgramData/MATLAB/SupportPackages/R2023b/3P.instrset/mbedlibrary-stm.instrset/0f02307a0877/TARGET_KL25Z/TOOLCHAIN_GCC_ARM/libmbed.a(FileBase.o)
                0x0000426c                mbed::FileBase::~FileBase()
                0x0000426c                mbed::FileBase::~FileBase()
 .text._ZN4mbed8FileBaseD0Ev
                0x000042c0       0x12 C:/ProgramData/MATLAB/SupportPackages/R2023b/3P.instrset/mbedlibrary-stm.instrset/0f02307a0877/TARGET_KL25Z/TOOLCHAIN_GCC_ARM/libmbed.a(FileBase.o)
                0x000042c0                mbed::FileBase::~FileBase()
 *fill*         0x000042d2        0x2 
 .text._ZN4mbed8FileBase6lookupEPKcj
                0x000042d4       0x48 C:/ProgramData/MATLAB/SupportPackages/R2023b/3P.instrset/mbedlibrary-stm.instrset/0f02307a0877/TARGET_KL25Z/TOOLCHAIN_GCC_ARM/libmbed.a(FileBase.o)
                0x000042d4                mbed::FileBase::lookup(char const*, unsigned int)
 .text.gpio_write
                0x0000431c       0x30 C:/ProgramData/MATLAB/SupportPackages/R2023b/3P.instrset/mbedlibrary-stm.instrset/0f02307a0877/TARGET_KL25Z/TOOLCHAIN_GCC_ARM/libmbed.a(mbed_gpio.o)
 .text._gpio_init_in
                0x0000434c       0x22 C:/ProgramData/MATLAB/SupportPackages/R2023b/3P.instrset/mbedlibrary-stm.instrset/0f02307a0877/TARGET_KL25Z/TOOLCHAIN_GCC_ARM/libmbed.a(mbed_gpio.o)
 .text.gpio_init_in
                0x0000436e        0xa C:/ProgramData/MATLAB/SupportPackages/R2023b/3P.instrset/mbedlibrary-stm.instrset/0f02307a0877/TARGET_KL25Z/TOOLCHAIN_GCC_ARM/libmbed.a(mbed_gpio.o)
                0x0000436e                gpio_init_in
 .text.gpio_init_out_ex
                0x00004378       0x2a C:/ProgramData/MATLAB/SupportPackages/R2023b/3P.instrset/mbedlibrary-stm.instrset/0f02307a0877/TARGET_KL25Z/TOOLCHAIN_GCC_ARM/libmbed.a(mbed_gpio.o)
                0x00004378                gpio_init_out_ex
 .text.gpio_init_out
                0x000043a2        0xa C:/ProgramData/MATLAB/SupportPackages/R2023b/3P.instrset/mbedlibrary-stm.instrset/0f02307a0877/TARGET_KL25Z/TOOLCHAIN_GCC_ARM/libmbed.a(mbed_gpio.o)
                0x000043a2                gpio_init_out
 .text.us_ticker_irq_handler
                0x000043ac       0x10 C:/ProgramData/MATLAB/SupportPackages/R2023b/3P.instrset/mbedlibrary-stm.instrset/0f02307a0877/TARGET_KL25Z/TOOLCHAIN_GCC_ARM/libmbed.a(mbed_us_ticker_api.o)
                0x000043ac                us_ticker_irq_handler
 .text.ticker_irq_handler
                0x000043bc       0x44 C:/ProgramData/MATLAB/SupportPackages/R2023b/3P.instrset/mbedlibrary-stm.instrset/0f02307a0877/TARGET_KL25Z/TOOLCHAIN_GCC_ARM/libmbed.a(mbed_ticker_api.o)
                0x000043bc                ticker_irq_handler
 .text.mbed_assert_internal
                0x00004400       0x24 C:/ProgramData/MATLAB/SupportPackages/R2023b/3P.instrset/mbedlibrary-stm.instrset/0f02307a0877/TARGET_KL25Z/TOOLCHAIN_GCC_ARM/libmbed.a(mbed_assert.o)
                0x00004400                mbed_assert_internal
 .text._ZN4mbed6Serial6unlockEv
                0x00004424        0x2 C:/ProgramData/MATLAB/SupportPackages/R2023b/3P.instrset/mbedlibrary-stm.instrset/0f02307a0877/TARGET_KL25Z/TOOLCHAIN_GCC_ARM/libmbed.a(Serial.o)
                0x00004424                mbed::Serial::unlock()
                0x00004424                mbed::Serial::lock()
 *fill*         0x00004426        0x2 
 .text._ZThn48_N4mbed6Serial4lockEv
                0x00004428       0x10 C:/ProgramData/MATLAB/SupportPackages/R2023b/3P.instrset/mbedlibrary-stm.instrset/0f02307a0877/TARGET_KL25Z/TOOLCHAIN_GCC_ARM/libmbed.a(Serial.o)
                0x00004428                non-virtual thunk to mbed::Serial::lock()
 .text._ZThn48_N4mbed6Serial6unlockEv
                0x00004438       0x10 C:/ProgramData/MATLAB/SupportPackages/R2023b/3P.instrset/mbedlibrary-stm.instrset/0f02307a0877/TARGET_KL25Z/TOOLCHAIN_GCC_ARM/libmbed.a(Serial.o)
                0x00004438                non-virtual thunk to mbed::Serial::unlock()
 .text._ZN4mbed6Serial5_getcEv
                0x00004448        0x8 C:/ProgramData/MATLAB/SupportPackages/R2023b/3P.instrset/mbedlibrary-stm.instrset/0f02307a0877/TARGET_KL25Z/TOOLCHAIN_GCC_ARM/libmbed.a(Serial.o)
                0x00004448                mbed::Serial::_getc()
 .text._ZThn48_N4mbed6Serial5_getcEv
                0x00004450       0x10 C:/ProgramData/MATLAB/SupportPackages/R2023b/3P.instrset/mbedlibrary-stm.instrset/0f02307a0877/TARGET_KL25Z/TOOLCHAIN_GCC_ARM/libmbed.a(Serial.o)
                0x00004450                non-virtual thunk to mbed::Serial::_getc()
 .text._ZN4mbed6Serial5_putcEi
                0x00004460        0x8 C:/ProgramData/MATLAB/SupportPackages/R2023b/3P.instrset/mbedlibrary-stm.instrset/0f02307a0877/TARGET_KL25Z/TOOLCHAIN_GCC_ARM/libmbed.a(Serial.o)
                0x00004460                mbed::Serial::_putc(int)
 .text._ZThn48_N4mbed6Serial5_putcEi
                0x00004468       0x10 C:/ProgramData/MATLAB/SupportPackages/R2023b/3P.instrset/mbedlibrary-stm.instrset/0f02307a0877/TARGET_KL25Z/TOOLCHAIN_GCC_ARM/libmbed.a(Serial.o)
                0x00004468                non-virtual thunk to mbed::Serial::_putc(int)
 .text._ZN4mbed6SerialC2E7PinNameS1_PKci
                0x00004478       0x2c C:/ProgramData/MATLAB/SupportPackages/R2023b/3P.instrset/mbedlibrary-stm.instrset/0f02307a0877/TARGET_KL25Z/TOOLCHAIN_GCC_ARM/libmbed.a(Serial.o)
                0x00004478                mbed::Serial::Serial(PinName, PinName, char const*, int)
                0x00004478                mbed::Serial::Serial(PinName, PinName, char const*, int)
 .text._ZN4mbed8FileLike4lockEv
                0x000044a4        0x2 C:/ProgramData/MATLAB/SupportPackages/R2023b/3P.instrset/mbedlibrary-stm.instrset/0f02307a0877/TARGET_KL25Z/TOOLCHAIN_GCC_ARM/libmbed.a(Stream.o)
                0x000044a4                mbed::FileLike::lock()
 .text._ZN4mbed8FileLike6unlockEv
                0x000044a6        0x2 C:/ProgramData/MATLAB/SupportPackages/R2023b/3P.instrset/mbedlibrary-stm.instrset/0f02307a0877/TARGET_KL25Z/TOOLCHAIN_GCC_ARM/libmbed.a(Stream.o)
                0x000044a6                mbed::FileLike::unlock()
 .text._ZN4mbed6Stream5writeEPKvj
                0x000044a8       0x36 C:/ProgramData/MATLAB/SupportPackages/R2023b/3P.instrset/mbedlibrary-stm.instrset/0f02307a0877/TARGET_KL25Z/TOOLCHAIN_GCC_ARM/libmbed.a(Stream.o)
                0x000044a8                mbed::Stream::write(void const*, unsigned int)
 .text._ZN4mbed6Stream4readEPvj
                0x000044de       0x32 C:/ProgramData/MATLAB/SupportPackages/R2023b/3P.instrset/mbedlibrary-stm.instrset/0f02307a0877/TARGET_KL25Z/TOOLCHAIN_GCC_ARM/libmbed.a(Stream.o)
                0x000044de                mbed::Stream::read(void*, unsigned int)
 .text._ZN4mbed6Stream4seekEli
                0x00004510        0x4 C:/ProgramData/MATLAB/SupportPackages/R2023b/3P.instrset/mbedlibrary-stm.instrset/0f02307a0877/TARGET_KL25Z/TOOLCHAIN_GCC_ARM/libmbed.a(Stream.o)
                0x00004510                mbed::Stream::seek(long, int)
 .text._ZN4mbed6Stream4tellEv
                0x00004514        0x4 C:/ProgramData/MATLAB/SupportPackages/R2023b/3P.instrset/mbedlibrary-stm.instrset/0f02307a0877/TARGET_KL25Z/TOOLCHAIN_GCC_ARM/libmbed.a(Stream.o)
                0x00004514                mbed::Stream::tell()
 .text._ZN4mbed6Stream6rewindEv
                0x00004518        0x2 C:/ProgramData/MATLAB/SupportPackages/R2023b/3P.instrset/mbedlibrary-stm.instrset/0f02307a0877/TARGET_KL25Z/TOOLCHAIN_GCC_ARM/libmbed.a(Stream.o)
                0x00004518                mbed::Stream::rewind()
 .text._ZN4mbed6Stream4syncEv
                0x0000451a        0x4 C:/ProgramData/MATLAB/SupportPackages/R2023b/3P.instrset/mbedlibrary-stm.instrset/0f02307a0877/TARGET_KL25Z/TOOLCHAIN_GCC_ARM/libmbed.a(Stream.o)
                0x0000451a                mbed::Stream::isatty()
                0x0000451a                mbed::Stream::sync()
                0x0000451a                mbed::Stream::close()
 .text._ZN4mbed6Stream4sizeEv
                0x0000451e        0x4 C:/ProgramData/MATLAB/SupportPackages/R2023b/3P.instrset/mbedlibrary-stm.instrset/0f02307a0877/TARGET_KL25Z/TOOLCHAIN_GCC_ARM/libmbed.a(Stream.o)
                0x0000451e                mbed::Stream::size()
 *fill*         0x00004522        0x2 
 .text._ZN4mbed6StreamC2EPKc
                0x00004524       0x40 C:/ProgramData/MATLAB/SupportPackages/R2023b/3P.instrset/mbedlibrary-stm.instrset/0f02307a0877/TARGET_KL25Z/TOOLCHAIN_GCC_ARM/libmbed.a(Stream.o)
                0x00004524                mbed::Stream::Stream(char const*)
                0x00004524                mbed::Stream::Stream(char const*)
 .text._ZN4mbed6StreamD2Ev
                0x00004564       0x28 C:/ProgramData/MATLAB/SupportPackages/R2023b/3P.instrset/mbedlibrary-stm.instrset/0f02307a0877/TARGET_KL25Z/TOOLCHAIN_GCC_ARM/libmbed.a(Stream.o)
                0x00004564                mbed::Stream::~Stream()
                0x00004564                mbed::Stream::~Stream()
 .text._ZN4mbed6Stream4putcEi
                0x0000458c       0x28 C:/ProgramData/MATLAB/SupportPackages/R2023b/3P.instrset/mbedlibrary-stm.instrset/0f02307a0877/TARGET_KL25Z/TOOLCHAIN_GCC_ARM/libmbed.a(Stream.o)
                0x0000458c                mbed::Stream::putc(int)
 .text._ZN4mbed6Stream6printfEPKcz
                0x000045b4       0x36 C:/ProgramData/MATLAB/SupportPackages/R2023b/3P.instrset/mbedlibrary-stm.instrset/0f02307a0877/TARGET_KL25Z/TOOLCHAIN_GCC_ARM/libmbed.a(Stream.o)
                0x000045b4                mbed::Stream::printf(char const*, ...)
 *fill*         0x000045ea        0x2 
 .text.pinmap_pinout
                0x000045ec       0x38 C:/ProgramData/MATLAB/SupportPackages/R2023b/3P.instrset/mbedlibrary-stm.instrset/0f02307a0877/TARGET_KL25Z/TOOLCHAIN_GCC_ARM/libmbed.a(mbed_pinmap_common.o)
                0x000045ec                pinmap_pinout
 .text.pinmap_merge
                0x00004624       0x24 C:/ProgramData/MATLAB/SupportPackages/R2023b/3P.instrset/mbedlibrary-stm.instrset/0f02307a0877/TARGET_KL25Z/TOOLCHAIN_GCC_ARM/libmbed.a(mbed_pinmap_common.o)
                0x00004624                pinmap_merge
 .text.pinmap_find_peripheral
                0x00004648       0x18 C:/ProgramData/MATLAB/SupportPackages/R2023b/3P.instrset/mbedlibrary-stm.instrset/0f02307a0877/TARGET_KL25Z/TOOLCHAIN_GCC_ARM/libmbed.a(mbed_pinmap_common.o)
                0x00004648                pinmap_find_peripheral
 .text.pinmap_peripheral
                0x00004660       0x20 C:/ProgramData/MATLAB/SupportPackages/R2023b/3P.instrset/mbedlibrary-stm.instrset/0f02307a0877/TARGET_KL25Z/TOOLCHAIN_GCC_ARM/libmbed.a(mbed_pinmap_common.o)
                0x00004660                pinmap_peripheral
 .text.error    0x00004680       0x14 C:/ProgramData/MATLAB/SupportPackages/R2023b/3P.instrset/mbedlibrary-stm.instrset/0f02307a0877/TARGET_KL25Z/TOOLCHAIN_GCC_ARM/libmbed.a(mbed_error.o)
                0x00004680                error
 .text.core_util_are_interrupts_enabled
                0x00004694        0xa C:/ProgramData/MATLAB/SupportPackages/R2023b/3P.instrset/mbedlibrary-stm.instrset/0f02307a0877/TARGET_KL25Z/TOOLCHAIN_GCC_ARM/libmbed.a(mbed_critical.o)
                0x00004694                core_util_are_interrupts_enabled
 *fill*         0x0000469e        0x2 
 .text.core_util_critical_section_enter
                0x000046a0       0x5c C:/ProgramData/MATLAB/SupportPackages/R2023b/3P.instrset/mbedlibrary-stm.instrset/0f02307a0877/TARGET_KL25Z/TOOLCHAIN_GCC_ARM/libmbed.a(mbed_critical.o)
                0x000046a0                core_util_critical_section_enter
 .text.core_util_critical_section_exit
                0x000046fc       0x44 C:/ProgramData/MATLAB/SupportPackages/R2023b/3P.instrset/mbedlibrary-stm.instrset/0f02307a0877/TARGET_KL25Z/TOOLCHAIN_GCC_ARM/libmbed.a(mbed_critical.o)
                0x000046fc                core_util_critical_section_exit
 .text.wait_us  0x00004740       0x16 C:/ProgramData/MATLAB/SupportPackages/R2023b/3P.instrset/mbedlibrary-stm.instrset/0f02307a0877/TARGET_KL25Z/TOOLCHAIN_GCC_ARM/libmbed.a(mbed_wait_api_no_rtos.o)
                0x00004740                wait_us
 .text.wait_ms  0x00004756        0xe C:/ProgramData/MATLAB/SupportPackages/R2023b/3P.instrset/mbedlibrary-stm.instrset/0f02307a0877/TARGET_KL25Z/TOOLCHAIN_GCC_ARM/libmbed.a(mbed_wait_api_no_rtos.o)
                0x00004756                wait_ms
 .text.mbed_interface_connected
                0x00004764        0x8 C:/ProgramData/MATLAB/SupportPackages/R2023b/3P.instrset/mbedlibrary-stm.instrset/0f02307a0877/TARGET_KL25Z/TOOLCHAIN_GCC_ARM/libmbed.a(mbed_interface.o)
                0x00004764                mbed_interface_connected
 .text._ZN4mbedL9donothingEv
                0x0000476c        0x2 C:/ProgramData/MATLAB/SupportPackages/R2023b/3P.instrset/mbedlibrary-stm.instrset/0f02307a0877/TARGET_KL25Z/TOOLCHAIN_GCC_ARM/libmbed.a(SerialBase.o)
 .text._ZN4mbed10SerialBase4lockEv
                0x0000476e        0x2 C:/ProgramData/MATLAB/SupportPackages/R2023b/3P.instrset/mbedlibrary-stm.instrset/0f02307a0877/TARGET_KL25Z/TOOLCHAIN_GCC_ARM/libmbed.a(SerialBase.o)
                0x0000476e                mbed::SerialBase::lock()
 .text._ZN4mbed10SerialBase6unlockEv
                0x00004770        0x2 C:/ProgramData/MATLAB/SupportPackages/R2023b/3P.instrset/mbedlibrary-stm.instrset/0f02307a0877/TARGET_KL25Z/TOOLCHAIN_GCC_ARM/libmbed.a(SerialBase.o)
                0x00004770                mbed::SerialBase::unlock()
 *fill*         0x00004772        0x2 
 .text._ZN4mbed10SerialBase12_irq_handlerEm9SerialIrq
                0x00004774       0x34 C:/ProgramData/MATLAB/SupportPackages/R2023b/3P.instrset/mbedlibrary-stm.instrset/0f02307a0877/TARGET_KL25Z/TOOLCHAIN_GCC_ARM/libmbed.a(SerialBase.o)
                0x00004774                mbed::SerialBase::_irq_handler(unsigned long, SerialIrq)
 .text._ZN4mbed10SerialBase4baudEi
                0x000047a8       0x20 C:/ProgramData/MATLAB/SupportPackages/R2023b/3P.instrset/mbedlibrary-stm.instrset/0f02307a0877/TARGET_KL25Z/TOOLCHAIN_GCC_ARM/libmbed.a(SerialBase.o)
                0x000047a8                mbed::SerialBase::baud(int)
 .text._ZN4mbed10SerialBase10_base_getcEv
                0x000047c8        0xa C:/ProgramData/MATLAB/SupportPackages/R2023b/3P.instrset/mbedlibrary-stm.instrset/0f02307a0877/TARGET_KL25Z/TOOLCHAIN_GCC_ARM/libmbed.a(SerialBase.o)
                0x000047c8                mbed::SerialBase::_base_getc()
 .text._ZN4mbed10SerialBase10_base_putcEi
                0x000047d2        0xe C:/ProgramData/MATLAB/SupportPackages/R2023b/3P.instrset/mbedlibrary-stm.instrset/0f02307a0877/TARGET_KL25Z/TOOLCHAIN_GCC_ARM/libmbed.a(SerialBase.o)
                0x000047d2                mbed::SerialBase::_base_putc(int)
 .text._ZN4mbed8CallbackIFvvEEaSERKS2_
                0x000047e0       0x28 C:/ProgramData/MATLAB/SupportPackages/R2023b/3P.instrset/mbedlibrary-stm.instrset/0f02307a0877/TARGET_KL25Z/TOOLCHAIN_GCC_ARM/libmbed.a(SerialBase.o)
                0x000047e0                mbed::Callback<void ()>::operator=(mbed::Callback<void ()> const&)
 .text._ZN4mbed10SerialBaseC2E7PinNameS1_i
                0x00004808       0x7c C:/ProgramData/MATLAB/SupportPackages/R2023b/3P.instrset/mbedlibrary-stm.instrset/0f02307a0877/TARGET_KL25Z/TOOLCHAIN_GCC_ARM/libmbed.a(SerialBase.o)
                0x00004808                mbed::SerialBase::SerialBase(PinName, PinName, int)
                0x00004808                mbed::SerialBase::SerialBase(PinName, PinName, int)
 .text._ZN4mbed10SerialBase6attachENS_8CallbackIFvvEEENS0_7IrqTypeE
                0x00004884       0x68 C:/ProgramData/MATLAB/SupportPackages/R2023b/3P.instrset/mbedlibrary-stm.instrset/0f02307a0877/TARGET_KL25Z/TOOLCHAIN_GCC_ARM/libmbed.a(SerialBase.o)
                0x00004884                mbed::SerialBase::attach(mbed::Callback<void ()>, mbed::SerialBase::IrqType)
 .text.semihost_exit
                0x000048ec       0x16 C:/ProgramData/MATLAB/SupportPackages/R2023b/3P.instrset/mbedlibrary-stm.instrset/0f02307a0877/TARGET_KL25Z/TOOLCHAIN_GCC_ARM/libmbed.a(mbed_semihost_api.o)
                0x000048ec                semihost_exit
 *fill*         0x00004902        0x2 
 .text.semihost_connected
                0x00004904        0xc C:/ProgramData/MATLAB/SupportPackages/R2023b/3P.instrset/mbedlibrary-stm.instrset/0f02307a0877/TARGET_KL25Z/TOOLCHAIN_GCC_ARM/libmbed.a(mbed_semihost_api.o)
                0x00004904                semihost_connected
 .text._ZdlPvj  0x00004910        0x8 c:/programdata/matlab/supportpackages/r2023b/3p.instrset/gnuarm-armcortex.instrset/win/bin/../lib/gcc/arm-none-eabi/11.3.1/thumb/v6-m/nofp\libstdc++_nano.a(del_ops.o)
                0x00004910                operator delete(void*, unsigned int)
 .text.fmod     0x00004918       0x58 c:/programdata/matlab/supportpackages/r2023b/3p.instrset/gnuarm-armcortex.instrset/win/bin/../lib/gcc/arm-none-eabi/11.3.1/thumb/v6-m/nofp\libm.a(libm_a-w_fmod.o)
                0x00004918                fmod
 .text.__ieee754_fmod
                0x00004970      0x2ac c:/programdata/matlab/supportpackages/r2023b/3p.instrset/gnuarm-armcortex.instrset/win/bin/../lib/gcc/arm-none-eabi/11.3.1/thumb/v6-m/nofp\libm.a(libm_a-e_fmod.o)
                0x00004970                __ieee754_fmod
 .text          0x00004c1c      0x114 c:/programdata/matlab/supportpackages/r2023b/3p.instrset/gnuarm-armcortex.instrset/win/bin/../lib/gcc/arm-none-eabi/11.3.1/thumb/v6-m/nofp\libgcc.a(_udivsi3.o)
                0x00004c1c                __aeabi_uidiv
                0x00004c1c                __udivsi3
                0x00004d28                __aeabi_uidivmod
 .text          0x00004d30        0x4 c:/programdata/matlab/supportpackages/r2023b/3p.instrset/gnuarm-armcortex.instrset/win/bin/../lib/gcc/arm-none-eabi/11.3.1/thumb/v6-m/nofp\libgcc.a(_dvmd_tls.o)
                0x00004d30                __aeabi_idiv0
                0x00004d30                __aeabi_ldiv0
 .text          0x00004d34       0x7c c:/programdata/matlab/supportpackages/r2023b/3p.instrset/gnuarm-armcortex.instrset/win/bin/../lib/gcc/arm-none-eabi/11.3.1/thumb/v6-m/nofp\libgcc.a(_arm_cmpdf2.o)
                0x00004d34                __aeabi_cdrcmple
                0x00004d44                __aeabi_cdcmple
                0x00004d44                __aeabi_cdcmpeq
                0x00004d54                __aeabi_dcmpeq
                0x00004d60                __aeabi_dcmplt
                0x00004d74                __aeabi_dcmple
                0x00004d88                __aeabi_dcmpgt
                0x00004d9c                __aeabi_dcmpge
 .text          0x00004db0       0x74 c:/programdata/matlab/supportpackages/r2023b/3p.instrset/gnuarm-armcortex.instrset/win/bin/../lib/gcc/arm-none-eabi/11.3.1/thumb/v6-m/nofp\libgcc.a(_arm_cmpsf2.o)
                0x00004db0                __aeabi_cfrcmple
                0x00004db8                __aeabi_cfcmpeq
                0x00004db8                __aeabi_cfcmple
                0x00004dc8                __aeabi_fcmpeq
                0x00004dd4                __aeabi_fcmplt
                0x00004de8                __aeabi_fcmple
                0x00004dfc                __aeabi_fcmpgt
                0x00004e10                __aeabi_fcmpge
 .text.__fixunssfsi
                0x00004e24       0x30 c:/programdata/matlab/supportpackages/r2023b/3p.instrset/gnuarm-armcortex.instrset/win/bin/../lib/gcc/arm-none-eabi/11.3.1/thumb/v6-m/nofp\libgcc.a(_fixunssfsi.o)
                0x00004e24                __fixunssfsi
                0x00004e24                __aeabi_f2uiz
 .text.__fixunsdfsi
                0x00004e54       0x3c c:/programdata/matlab/supportpackages/r2023b/3p.instrset/gnuarm-armcortex.instrset/win/bin/../lib/gcc/arm-none-eabi/11.3.1/thumb/v6-m/nofp\libgcc.a(_fixunsdfsi.o)
                0x00004e54                __aeabi_d2uiz
                0x00004e54                __fixunsdfsi
 .text.__aeabi_fadd
                0x00004e90      0x340 c:/programdata/matlab/supportpackages/r2023b/3p.instrset/gnuarm-armcortex.instrset/win/bin/../lib/gcc/arm-none-eabi/11.3.1/thumb/v6-m/nofp\libgcc.a(addsf3.o)
                0x00004e90                __aeabi_fadd
 .text.__aeabi_fdiv
                0x000051d0      0x234 c:/programdata/matlab/supportpackages/r2023b/3p.instrset/gnuarm-armcortex.instrset/win/bin/../lib/gcc/arm-none-eabi/11.3.1/thumb/v6-m/nofp\libgcc.a(divsf3.o)
                0x000051d0                __aeabi_fdiv
 .text.__eqsf2  0x00005404       0x4c c:/programdata/matlab/supportpackages/r2023b/3p.instrset/gnuarm-armcortex.instrset/win/bin/../lib/gcc/arm-none-eabi/11.3.1/thumb/v6-m/nofp\libgcc.a(eqsf2.o)
                0x00005404                __eqsf2
                0x00005404                __nesf2
 .text.__gesf2  0x00005450       0x8c c:/programdata/matlab/supportpackages/r2023b/3p.instrset/gnuarm-armcortex.instrset/win/bin/../lib/gcc/arm-none-eabi/11.3.1/thumb/v6-m/nofp\libgcc.a(gesf2.o)
                0x00005450                __gesf2
                0x00005450                __gtsf2
 .text.__lesf2  0x000054dc       0x88 c:/programdata/matlab/supportpackages/r2023b/3p.instrset/gnuarm-armcortex.instrset/win/bin/../lib/gcc/arm-none-eabi/11.3.1/thumb/v6-m/nofp\libgcc.a(lesf2.o)
                0x000054dc                __ltsf2
                0x000054dc                __lesf2
 .text.__aeabi_fmul
                0x00005564      0x29c c:/programdata/matlab/supportpackages/r2023b/3p.instrset/gnuarm-armcortex.instrset/win/bin/../lib/gcc/arm-none-eabi/11.3.1/thumb/v6-m/nofp\libgcc.a(mulsf3.o)
                0x00005564                __aeabi_fmul
 .text.__aeabi_fsub
                0x00005800      0x340 c:/programdata/matlab/supportpackages/r2023b/3p.instrset/gnuarm-armcortex.instrset/win/bin/../lib/gcc/arm-none-eabi/11.3.1/thumb/v6-m/nofp\libgcc.a(subsf3.o)
                0x00005800                __aeabi_fsub
 .text.__aeabi_f2iz
                0x00005b40       0x40 c:/programdata/matlab/supportpackages/r2023b/3p.instrset/gnuarm-armcortex.instrset/win/bin/../lib/gcc/arm-none-eabi/11.3.1/thumb/v6-m/nofp\libgcc.a(fixsfsi.o)
                0x00005b40                __aeabi_f2iz
 .text.__aeabi_i2f
                0x00005b80       0xa4 c:/programdata/matlab/supportpackages/r2023b/3p.instrset/gnuarm-armcortex.instrset/win/bin/../lib/gcc/arm-none-eabi/11.3.1/thumb/v6-m/nofp\libgcc.a(floatsisf.o)
                0x00005b80                __aeabi_i2f
 .text.__aeabi_ui2f
                0x00005c24       0x90 c:/programdata/matlab/supportpackages/r2023b/3p.instrset/gnuarm-armcortex.instrset/win/bin/../lib/gcc/arm-none-eabi/11.3.1/thumb/v6-m/nofp\libgcc.a(floatunsisf.o)
                0x00005c24                __aeabi_ui2f
 .text.__aeabi_dadd
                0x00005cb4      0x6c0 c:/programdata/matlab/supportpackages/r2023b/3p.instrset/gnuarm-armcortex.instrset/win/bin/../lib/gcc/arm-none-eabi/11.3.1/thumb/v6-m/nofp\libgcc.a(adddf3.o)
                0x00005cb4                __aeabi_dadd
 .text.__aeabi_ddiv
                0x00006374      0x5dc c:/programdata/matlab/supportpackages/r2023b/3p.instrset/gnuarm-armcortex.instrset/win/bin/../lib/gcc/arm-none-eabi/11.3.1/thumb/v6-m/nofp\libgcc.a(divdf3.o)
                0x00006374                __aeabi_ddiv
 .text.__eqdf2  0x00006950       0x84 c:/programdata/matlab/supportpackages/r2023b/3p.instrset/gnuarm-armcortex.instrset/win/bin/../lib/gcc/arm-none-eabi/11.3.1/thumb/v6-m/nofp\libgcc.a(eqdf2.o)
                0x00006950                __nedf2
                0x00006950                __eqdf2
 .text.__gedf2  0x000069d4       0xcc c:/programdata/matlab/supportpackages/r2023b/3p.instrset/gnuarm-armcortex.instrset/win/bin/../lib/gcc/arm-none-eabi/11.3.1/thumb/v6-m/nofp\libgcc.a(gedf2.o)
                0x000069d4                __gedf2
                0x000069d4                __gtdf2
 .text.__ledf2  0x00006aa0       0xc8 c:/programdata/matlab/supportpackages/r2023b/3p.instrset/gnuarm-armcortex.instrset/win/bin/../lib/gcc/arm-none-eabi/11.3.1/thumb/v6-m/nofp\libgcc.a(ledf2.o)
                0x00006aa0                __ledf2
                0x00006aa0                __ltdf2
 .text.__aeabi_dmul
                0x00006b68      0x584 c:/programdata/matlab/supportpackages/r2023b/3p.instrset/gnuarm-armcortex.instrset/win/bin/../lib/gcc/arm-none-eabi/11.3.1/thumb/v6-m/nofp\libgcc.a(muldf3.o)
                0x00006b68                __aeabi_dmul
 .text.__aeabi_dsub
                0x000070ec      0x704 c:/programdata/matlab/supportpackages/r2023b/3p.instrset/gnuarm-armcortex.instrset/win/bin/../lib/gcc/arm-none-eabi/11.3.1/thumb/v6-m/nofp\libgcc.a(subdf3.o)
                0x000070ec                __aeabi_dsub
 .text.__aeabi_dcmpun
                0x000077f0       0x3c c:/programdata/matlab/supportpackages/r2023b/3p.instrset/gnuarm-armcortex.instrset/win/bin/../lib/gcc/arm-none-eabi/11.3.1/thumb/v6-m/nofp\libgcc.a(unorddf2.o)
                0x000077f0                __aeabi_dcmpun
 .text.__aeabi_d2iz
                0x0000782c       0x6c c:/programdata/matlab/supportpackages/r2023b/3p.instrset/gnuarm-armcortex.instrset/win/bin/../lib/gcc/arm-none-eabi/11.3.1/thumb/v6-m/nofp\libgcc.a(fixdfsi.o)
                0x0000782c                __aeabi_d2iz
 .text.__aeabi_i2d
                0x00007898       0x60 c:/programdata/matlab/supportpackages/r2023b/3p.instrset/gnuarm-armcortex.instrset/win/bin/../lib/gcc/arm-none-eabi/11.3.1/thumb/v6-m/nofp\libgcc.a(floatsidf.o)
                0x00007898                __aeabi_i2d
 .text.__aeabi_ui2d
                0x000078f8       0x4c c:/programdata/matlab/supportpackages/r2023b/3p.instrset/gnuarm-armcortex.instrset/win/bin/../lib/gcc/arm-none-eabi/11.3.1/thumb/v6-m/nofp\libgcc.a(floatunsidf.o)
                0x000078f8                __aeabi_ui2d
 .text.__aeabi_f2d
                0x00007944       0x90 c:/programdata/matlab/supportpackages/r2023b/3p.instrset/gnuarm-armcortex.instrset/win/bin/../lib/gcc/arm-none-eabi/11.3.1/thumb/v6-m/nofp\libgcc.a(extendsfdf2.o)
                0x00007944                __aeabi_f2d
 .text.__aeabi_d2f
                0x000079d4      0x10c c:/programdata/matlab/supportpackages/r2023b/3p.instrset/gnuarm-armcortex.instrset/win/bin/../lib/gcc/arm-none-eabi/11.3.1/thumb/v6-m/nofp\libgcc.a(truncdfsf2.o)
                0x000079d4                __aeabi_d2f
 .text          0x00007ae0       0x3c c:/programdata/matlab/supportpackages/r2023b/3p.instrset/gnuarm-armcortex.instrset/win/bin/../lib/gcc/arm-none-eabi/11.3.1/thumb/v6-m/nofp\libgcc.a(_clzsi2.o)
                0x00007ae0                __clzsi2
 .text.exit     0x00007b1c       0x28 c:/programdata/matlab/supportpackages/r2023b/3p.instrset/gnuarm-armcortex.instrset/win/bin/../lib/gcc/arm-none-eabi/11.3.1/thumb/v6-m/nofp\libc_nano.a(libc_a-exit.o)
                0x00007b1c                exit
 .text.malloc   0x00007b44       0x14 c:/programdata/matlab/supportpackages/r2023b/3p.instrset/gnuarm-armcortex.instrset/win/bin/../lib/gcc/arm-none-eabi/11.3.1/thumb/v6-m/nofp\libc_nano.a(libc_a-malloc.o)
                0x00007b44                malloc
 .text.free     0x00007b58       0x14 c:/programdata/matlab/supportpackages/r2023b/3p.instrset/gnuarm-armcortex.instrset/win/bin/../lib/gcc/arm-none-eabi/11.3.1/thumb/v6-m/nofp\libc_nano.a(libc_a-malloc.o)
                0x00007b58                free
 .text.sbrk_aligned
                0x00007b6c       0x44 c:/programdata/matlab/supportpackages/r2023b/3p.instrset/gnuarm-armcortex.instrset/win/bin/../lib/gcc/arm-none-eabi/11.3.1/thumb/v6-m/nofp\libc_nano.a(libc_a-mallocr.o)
 .text._malloc_r
                0x00007bb0       0xf4 c:/programdata/matlab/supportpackages/r2023b/3p.instrset/gnuarm-armcortex.instrset/win/bin/../lib/gcc/arm-none-eabi/11.3.1/thumb/v6-m/nofp\libc_nano.a(libc_a-mallocr.o)
                0x00007bb0                _malloc_r
 .text.__sfputc_r
                0x00007ca4       0x2a c:/programdata/matlab/supportpackages/r2023b/3p.instrset/gnuarm-armcortex.instrset/win/bin/../lib/gcc/arm-none-eabi/11.3.1/thumb/v6-m/nofp\libc_nano.a(libc_a-nano-vfprintf.o)
 .text.__sfputs_r
                0x00007cce       0x24 c:/programdata/matlab/supportpackages/r2023b/3p.instrset/gnuarm-armcortex.instrset/win/bin/../lib/gcc/arm-none-eabi/11.3.1/thumb/v6-m/nofp\libc_nano.a(libc_a-nano-vfprintf.o)
                0x00007cce                __sfputs_r
 *fill*         0x00007cf2        0x2 
 .text._vfprintf_r
                0x00007cf4      0x238 c:/programdata/matlab/supportpackages/r2023b/3p.instrset/gnuarm-armcortex.instrset/win/bin/../lib/gcc/arm-none-eabi/11.3.1/thumb/v6-m/nofp\libc_nano.a(libc_a-nano-vfprintf.o)
                0x00007cf4                _vfprintf_r
                0x00007cf4                _vfiprintf_r
 .text.vfprintf
                0x00007f2c       0x18 c:/programdata/matlab/supportpackages/r2023b/3p.instrset/gnuarm-armcortex.instrset/win/bin/../lib/gcc/arm-none-eabi/11.3.1/thumb/v6-m/nofp\libc_nano.a(libc_a-nano-vfprintf.o)
                0x00007f2c                vfprintf
                0x00007f2c                vfiprintf
 .text._printf_common
                0x00007f44       0xde c:/programdata/matlab/supportpackages/r2023b/3p.instrset/gnuarm-armcortex.instrset/win/bin/../lib/gcc/arm-none-eabi/11.3.1/thumb/v6-m/nofp\libc_nano.a(libc_a-nano-vfprintf_i.o)
                0x00007f44                _printf_common
 *fill*         0x00008022        0x2 
 .text._printf_i
                0x00008024      0x220 c:/programdata/matlab/supportpackages/r2023b/3p.instrset/gnuarm-armcortex.instrset/win/bin/../lib/gcc/arm-none-eabi/11.3.1/thumb/v6-m/nofp\libc_nano.a(libc_a-nano-vfprintf_i.o)
                0x00008024                _printf_i
 .text._scanf_chars
                0x00008244       0xbc c:/programdata/matlab/supportpackages/r2023b/3p.instrset/gnuarm-armcortex.instrset/win/bin/../lib/gcc/arm-none-eabi/11.3.1/thumb/v6-m/nofp\libc_nano.a(libc_a-nano-vfscanf_i.o)
                0x00008244                _scanf_chars
 .text._scanf_i
                0x00008300      0x208 c:/programdata/matlab/supportpackages/r2023b/3p.instrset/gnuarm-armcortex.instrset/win/bin/../lib/gcc/arm-none-eabi/11.3.1/thumb/v6-m/nofp\libc_nano.a(libc_a-nano-vfscanf_i.o)
                0x00008300                _scanf_i
 .text._fclose_r
                0x00008508       0xbe c:/programdata/matlab/supportpackages/r2023b/3p.instrset/gnuarm-armcortex.instrset/win/bin/../lib/gcc/arm-none-eabi/11.3.1/thumb/v6-m/nofp\libc_nano.a(libc_a-fclose.o)
                0x00008508                _fclose_r
 *fill*         0x000085c6        0x2 
 .text.fclose   0x000085c8       0x14 c:/programdata/matlab/supportpackages/r2023b/3p.instrset/gnuarm-armcortex.instrset/win/bin/../lib/gcc/arm-none-eabi/11.3.1/thumb/v6-m/nofp\libc_nano.a(libc_a-fclose.o)
                0x000085c8                fclose
 .text.__sflush_r
                0x000085dc      0x114 c:/programdata/matlab/supportpackages/r2023b/3p.instrset/gnuarm-armcortex.instrset/win/bin/../lib/gcc/arm-none-eabi/11.3.1/thumb/v6-m/nofp\libc_nano.a(libc_a-fflush.o)
                0x000085dc                __sflush_r
 .text._fflush_r
                0x000086f0       0x56 c:/programdata/matlab/supportpackages/r2023b/3p.instrset/gnuarm-armcortex.instrset/win/bin/../lib/gcc/arm-none-eabi/11.3.1/thumb/v6-m/nofp\libc_nano.a(libc_a-fflush.o)
                0x000086f0                _fflush_r
 *fill*         0x00008746        0x2 
 .text.fflush   0x00008748       0x30 c:/programdata/matlab/supportpackages/r2023b/3p.instrset/gnuarm-armcortex.instrset/win/bin/../lib/gcc/arm-none-eabi/11.3.1/thumb/v6-m/nofp\libc_nano.a(libc_a-fflush.o)
                0x00008748                fflush
 .text.std      0x00008778       0x48 c:/programdata/matlab/supportpackages/r2023b/3p.instrset/gnuarm-armcortex.instrset/win/bin/../lib/gcc/arm-none-eabi/11.3.1/thumb/v6-m/nofp\libc_nano.a(libc_a-findfp.o)
 .text.stdio_exit_handler
                0x000087c0       0x1c c:/programdata/matlab/supportpackages/r2023b/3p.instrset/gnuarm-armcortex.instrset/win/bin/../lib/gcc/arm-none-eabi/11.3.1/thumb/v6-m/nofp\libc_nano.a(libc_a-findfp.o)
 .text.cleanup_stdio
                0x000087dc       0x3c c:/programdata/matlab/supportpackages/r2023b/3p.instrset/gnuarm-armcortex.instrset/win/bin/../lib/gcc/arm-none-eabi/11.3.1/thumb/v6-m/nofp\libc_nano.a(libc_a-findfp.o)
 .text.global_stdio_init.part.0
                0x00008818       0x3c c:/programdata/matlab/supportpackages/r2023b/3p.instrset/gnuarm-armcortex.instrset/win/bin/../lib/gcc/arm-none-eabi/11.3.1/thumb/v6-m/nofp\libc_nano.a(libc_a-findfp.o)
 .text.__sfp_lock_acquire
                0x00008854       0x10 c:/programdata/matlab/supportpackages/r2023b/3p.instrset/gnuarm-armcortex.instrset/win/bin/../lib/gcc/arm-none-eabi/11.3.1/thumb/v6-m/nofp\libc_nano.a(libc_a-findfp.o)
                0x00008854                __sfp_lock_acquire
 .text.__sfp_lock_release
                0x00008864       0x10 c:/programdata/matlab/supportpackages/r2023b/3p.instrset/gnuarm-armcortex.instrset/win/bin/../lib/gcc/arm-none-eabi/11.3.1/thumb/v6-m/nofp\libc_nano.a(libc_a-findfp.o)
                0x00008864                __sfp_lock_release
 .text.__sfp    0x00008874       0xa8 c:/programdata/matlab/supportpackages/r2023b/3p.instrset/gnuarm-armcortex.instrset/win/bin/../lib/gcc/arm-none-eabi/11.3.1/thumb/v6-m/nofp\libc_nano.a(libc_a-findfp.o)
                0x00008874                __sfp
 .text.__sinit  0x0000891c       0x30 c:/programdata/matlab/supportpackages/r2023b/3p.instrset/gnuarm-armcortex.instrset/win/bin/../lib/gcc/arm-none-eabi/11.3.1/thumb/v6-m/nofp\libc_nano.a(libc_a-findfp.o)
                0x0000891c                __sinit
 .text._fopen_r
                0x0000894c       0xa4 c:/programdata/matlab/supportpackages/r2023b/3p.instrset/gnuarm-armcortex.instrset/win/bin/../lib/gcc/arm-none-eabi/11.3.1/thumb/v6-m/nofp\libc_nano.a(libc_a-fopen.o)
                0x0000894c                _fopen_r
 .text.fopen    0x000089f0       0x14 c:/programdata/matlab/supportpackages/r2023b/3p.instrset/gnuarm-armcortex.instrset/win/bin/../lib/gcc/arm-none-eabi/11.3.1/thumb/v6-m/nofp\libc_nano.a(libc_a-fopen.o)
                0x000089f0                fopen
 .text._fputc_r
                0x00008a04       0x4a c:/programdata/matlab/supportpackages/r2023b/3p.instrset/gnuarm-armcortex.instrset/win/bin/../lib/gcc/arm-none-eabi/11.3.1/thumb/v6-m/nofp\libc_nano.a(libc_a-fputc.o)
                0x00008a04                _fputc_r
 *fill*         0x00008a4e        0x2 
 .text.fputc    0x00008a50       0x14 c:/programdata/matlab/supportpackages/r2023b/3p.instrset/gnuarm-armcortex.instrset/win/bin/../lib/gcc/arm-none-eabi/11.3.1/thumb/v6-m/nofp\libc_nano.a(libc_a-fputc.o)
                0x00008a50                fputc
 .text._fseek_r
                0x00008a64        0x8 c:/programdata/matlab/supportpackages/r2023b/3p.instrset/gnuarm-armcortex.instrset/win/bin/../lib/gcc/arm-none-eabi/11.3.1/thumb/v6-m/nofp\libc_nano.a(libc_a-fseek.o)
                0x00008a64                _fseek_r
 .text._fwalk_sglue
                0x00008a6c       0x38 c:/programdata/matlab/supportpackages/r2023b/3p.instrset/gnuarm-armcortex.instrset/win/bin/../lib/gcc/arm-none-eabi/11.3.1/thumb/v6-m/nofp\libc_nano.a(libc_a-fwalk.o)
                0x00008a6c                _fwalk_sglue
 .text._putc_r  0x00008aa4       0x6c c:/programdata/matlab/supportpackages/r2023b/3p.instrset/gnuarm-armcortex.instrset/win/bin/../lib/gcc/arm-none-eabi/11.3.1/thumb/v6-m/nofp\libc_nano.a(libc_a-putc.o)
                0x00008aa4                _putc_r
 .text.__sccl   0x00008b10       0x78 c:/programdata/matlab/supportpackages/r2023b/3p.instrset/gnuarm-armcortex.instrset/win/bin/../lib/gcc/arm-none-eabi/11.3.1/thumb/v6-m/nofp\libc_nano.a(libc_a-sccl.o)
                0x00008b10                __sccl
 .text.setbuf   0x00008b88       0x12 c:/programdata/matlab/supportpackages/r2023b/3p.instrset/gnuarm-armcortex.instrset/win/bin/../lib/gcc/arm-none-eabi/11.3.1/thumb/v6-m/nofp\libc_nano.a(libc_a-setbuf.o)
                0x00008b88                setbuf
 *fill*         0x00008b9a        0x2 
 .text.setvbuf  0x00008b9c      0x164 c:/programdata/matlab/supportpackages/r2023b/3p.instrset/gnuarm-armcortex.instrset/win/bin/../lib/gcc/arm-none-eabi/11.3.1/thumb/v6-m/nofp\libc_nano.a(libc_a-setvbuf.o)
                0x00008b9c                setvbuf
 .text.sprintf  0x00008d00       0x40 c:/programdata/matlab/supportpackages/r2023b/3p.instrset/gnuarm-armcortex.instrset/win/bin/../lib/gcc/arm-none-eabi/11.3.1/thumb/v6-m/nofp\libc_nano.a(libc_a-sprintf.o)
                0x00008d00                siprintf
                0x00008d00                sprintf
 .text.sscanf   0x00008d40       0x50 c:/programdata/matlab/supportpackages/r2023b/3p.instrset/gnuarm-armcortex.instrset/win/bin/../lib/gcc/arm-none-eabi/11.3.1/thumb/v6-m/nofp\libc_nano.a(libc_a-sscanf.o)
                0x00008d40                siscanf
                0x00008d40                sscanf
 .text.__sread  0x00008d90       0x28 c:/programdata/matlab/supportpackages/r2023b/3p.instrset/gnuarm-armcortex.instrset/win/bin/../lib/gcc/arm-none-eabi/11.3.1/thumb/v6-m/nofp\libc_nano.a(libc_a-stdio.o)
                0x00008d90                __sread
 .text.__seofread
                0x00008db8        0x4 c:/programdata/matlab/supportpackages/r2023b/3p.instrset/gnuarm-armcortex.instrset/win/bin/../lib/gcc/arm-none-eabi/11.3.1/thumb/v6-m/nofp\libc_nano.a(libc_a-stdio.o)
                0x00008db8                __seofread
 .text.__swrite
                0x00008dbc       0x38 c:/programdata/matlab/supportpackages/r2023b/3p.instrset/gnuarm-armcortex.instrset/win/bin/../lib/gcc/arm-none-eabi/11.3.1/thumb/v6-m/nofp\libc_nano.a(libc_a-stdio.o)
                0x00008dbc                __swrite
 .text.__sseek  0x00008df4       0x2c c:/programdata/matlab/supportpackages/r2023b/3p.instrset/gnuarm-armcortex.instrset/win/bin/../lib/gcc/arm-none-eabi/11.3.1/thumb/v6-m/nofp\libc_nano.a(libc_a-stdio.o)
                0x00008df4                __sseek
 .text.__sclose
                0x00008e20        0xc c:/programdata/matlab/supportpackages/r2023b/3p.instrset/gnuarm-armcortex.instrset/win/bin/../lib/gcc/arm-none-eabi/11.3.1/thumb/v6-m/nofp\libc_nano.a(libc_a-stdio.o)
                0x00008e20                __sclose
 .text.__submore
                0x00008e2c       0x7c c:/programdata/matlab/supportpackages/r2023b/3p.instrset/gnuarm-armcortex.instrset/win/bin/../lib/gcc/arm-none-eabi/11.3.1/thumb/v6-m/nofp\libc_nano.a(libc_a-ungetc.o)
                0x00008e2c                __submore
 .text._vsnprintf_r
                0x00008ea8       0x56 c:/programdata/matlab/supportpackages/r2023b/3p.instrset/gnuarm-armcortex.instrset/win/bin/../lib/gcc/arm-none-eabi/11.3.1/thumb/v6-m/nofp\libc_nano.a(libc_a-vsnprintf.o)
                0x00008ea8                _vsniprintf_r
                0x00008ea8                _vsnprintf_r
 *fill*         0x00008efe        0x2 
 .text.vsnprintf
                0x00008f00       0x18 c:/programdata/matlab/supportpackages/r2023b/3p.instrset/gnuarm-armcortex.instrset/win/bin/../lib/gcc/arm-none-eabi/11.3.1/thumb/v6-m/nofp\libc_nano.a(libc_a-vsnprintf.o)
                0x00008f00                vsniprintf
                0x00008f00                vsnprintf
 .text.__swbuf_r
                0x00008f18       0x84 c:/programdata/matlab/supportpackages/r2023b/3p.instrset/gnuarm-armcortex.instrset/win/bin/../lib/gcc/arm-none-eabi/11.3.1/thumb/v6-m/nofp\libc_nano.a(libc_a-wbuf.o)
                0x00008f18                __swbuf_r
 .text.__swsetup_r
                0x00008f9c       0xc8 c:/programdata/matlab/supportpackages/r2023b/3p.instrset/gnuarm-armcortex.instrset/win/bin/../lib/gcc/arm-none-eabi/11.3.1/thumb/v6-m/nofp\libc_nano.a(libc_a-wsetup.o)
                0x00008f9c                __swsetup_r
 .text._fseeko_r
                0x00009064      0x164 c:/programdata/matlab/supportpackages/r2023b/3p.instrset/gnuarm-armcortex.instrset/win/bin/../lib/gcc/arm-none-eabi/11.3.1/thumb/v6-m/nofp\libc_nano.a(libc_a-fseeko.o)
                0x00009064                _fseeko_r
 .text.memmove  0x000091c8       0x26 c:/programdata/matlab/supportpackages/r2023b/3p.instrset/gnuarm-armcortex.instrset/win/bin/../lib/gcc/arm-none-eabi/11.3.1/thumb/v6-m/nofp\libc_nano.a(libc_a-memmove.o)
                0x000091c8                memmove
 .text.memset   0x000091ee       0x10 c:/programdata/matlab/supportpackages/r2023b/3p.instrset/gnuarm-armcortex.instrset/win/bin/../lib/gcc/arm-none-eabi/11.3.1/thumb/v6-m/nofp\libc_nano.a(libc_a-memset.o)
                0x000091ee                memset
 .text.strncmp  0x000091fe       0x22 c:/programdata/matlab/supportpackages/r2023b/3p.instrset/gnuarm-armcortex.instrset/win/bin/../lib/gcc/arm-none-eabi/11.3.1/thumb/v6-m/nofp\libc_nano.a(libc_a-strncmp.o)
                0x000091fe                strncmp
 .text._close_r
                0x00009220       0x24 c:/programdata/matlab/supportpackages/r2023b/3p.instrset/gnuarm-armcortex.instrset/win/bin/../lib/gcc/arm-none-eabi/11.3.1/thumb/v6-m/nofp\libc_nano.a(libc_a-closer.o)
                0x00009220                _close_r
 .text._lseek_r
                0x00009244       0x28 c:/programdata/matlab/supportpackages/r2023b/3p.instrset/gnuarm-armcortex.instrset/win/bin/../lib/gcc/arm-none-eabi/11.3.1/thumb/v6-m/nofp\libc_nano.a(libc_a-lseekr.o)
                0x00009244                _lseek_r
 .text._open_r  0x0000926c       0x28 c:/programdata/matlab/supportpackages/r2023b/3p.instrset/gnuarm-armcortex.instrset/win/bin/../lib/gcc/arm-none-eabi/11.3.1/thumb/v6-m/nofp\libc_nano.a(libc_a-openr.o)
                0x0000926c                _open_r
 .text._read_r  0x00009294       0x28 c:/programdata/matlab/supportpackages/r2023b/3p.instrset/gnuarm-armcortex.instrset/win/bin/../lib/gcc/arm-none-eabi/11.3.1/thumb/v6-m/nofp\libc_nano.a(libc_a-readr.o)
                0x00009294                _read_r
 .text._sbrk_r  0x000092bc       0x24 c:/programdata/matlab/supportpackages/r2023b/3p.instrset/gnuarm-armcortex.instrset/win/bin/../lib/gcc/arm-none-eabi/11.3.1/thumb/v6-m/nofp\libc_nano.a(libc_a-sbrkr.o)
                0x000092bc                _sbrk_r
 .text._write_r
                0x000092e0       0x28 c:/programdata/matlab/supportpackages/r2023b/3p.instrset/gnuarm-armcortex.instrset/win/bin/../lib/gcc/arm-none-eabi/11.3.1/thumb/v6-m/nofp\libc_nano.a(libc_a-writer.o)
                0x000092e0                _write_r
 .text.__errno  0x00009308        0xc c:/programdata/matlab/supportpackages/r2023b/3p.instrset/gnuarm-armcortex.instrset/win/bin/../lib/gcc/arm-none-eabi/11.3.1/thumb/v6-m/nofp\libc_nano.a(libc_a-errno.o)
                0x00009308                __errno
 .text.__libc_init_array
                0x00009314       0x48 c:/programdata/matlab/supportpackages/r2023b/3p.instrset/gnuarm-armcortex.instrset/win/bin/../lib/gcc/arm-none-eabi/11.3.1/thumb/v6-m/nofp\libc_nano.a(libc_a-init.o)
                0x00009314                __libc_init_array
 .text.__retarget_lock_init_recursive
                0x0000935c        0x2 c:/programdata/matlab/supportpackages/r2023b/3p.instrset/gnuarm-armcortex.instrset/win/bin/../lib/gcc/arm-none-eabi/11.3.1/thumb/v6-m/nofp\libc_nano.a(libc_a-lock.o)
                0x0000935c                __retarget_lock_init_recursive
 .text.__retarget_lock_close_recursive
                0x0000935e        0x2 c:/programdata/matlab/supportpackages/r2023b/3p.instrset/gnuarm-armcortex.instrset/win/bin/../lib/gcc/arm-none-eabi/11.3.1/thumb/v6-m/nofp\libc_nano.a(libc_a-lock.o)
                0x0000935e                __retarget_lock_close_recursive